<html>
<body>
<pre>
<h1>µVision Build Log</h1>
<h2>Tool Versions:</h2>
IDE-Version: ¦ÌVision V5.39.0.0
Copyright (C) 2023 ARM Ltd and ARM Germany GmbH. All rights reserved.
License Information: 1 3125497423@qq.com, 1, LIC=ZB4EI-TT5VM-TGU7T-RKW2R-DMA3Q-69905
 
Tool Versions:
Toolchain:       MDK-ARM Plus  Version: 5.39.0.0
Toolchain Path:  C:\Keil_v5\ARM\ARMCLANG\Bin
C Compiler:      ArmClang.exe V6.21
Assembler:       Armasm.exe V6.21
Linker/Locator:  ArmLink.exe V6.21
Library Manager: ArmAr.exe V6.21
Hex Converter:   FromElf.exe V6.21
CPU DLL:         SARMCM3.DLL V5.39.0.0
Dialog DLL:      DCM.DLL V1.17.5.0
Target DLL:      Segger\JL2CM3.dll V2.99.43.0
Dialog DLL:      TCM.DLL V1.56.4.0
 
<h2>Project:</h2>
d:\edgedownload\stm32f407vgt6_dsp\MDK-ARM\stm32f407vgt6_dsp.uvprojx
Project File Date:  06/14/2026

<h2>Output:</h2>
*** Using Compiler 'V6.21', folder: 'C:\Keil_v5\ARM\ARMCLANG\Bin'
Rebuild target 'stm32f407vgt6_dsp'
compiling dsp_bayes_test.c...
assembling startup_stm32f407xx.s...
compiling dsp_quaternion_test.c...
compiling dsp_filtering_test.c...
compiling dsp_support_test.c...
compiling dsp_svm_test.c...
compiling dsp_transform_test.c...
compiling dsp_basic_math_test.c...
compiling dsp_distance_test.c...
compiling dsp_matrix_test.c...
compiling dsp_test.c...
compiling dsp_fast_math_test.c...
compiling dsp_interpolation_test.c...
compiling dsp_statistics_test.c...
compiling dsp_controller_test.c...
compiling dsp_complex_math_test.c...
compiling usart.c...
compiling gpio.c...
compiling stm32f4xx_it.c...
compiling stm32f4xx_hal_msp.c...
compiling main.c...
compiling stm32f4xx_hal_rcc.c...
compiling stm32f4xx_hal_rcc_ex.c...
compiling stm32f4xx_hal_flash.c...
compiling stm32f4xx_hal_flash_ex.c...
compiling stm32f4xx_hal_flash_ramfunc.c...
compiling stm32f4xx_hal_gpio.c...
compiling stm32f4xx_hal_uart.c...
compiling stm32f4xx_hal_pwr.c...
compiling stm32f4xx_hal_dma_ex.c...
compiling stm32f4xx_hal_pwr_ex.c...
compiling stm32f4xx_hal_dma.c...
compiling stm32f4xx_hal_cortex.c...
compiling stm32f4xx_hal.c...
compiling stm32f4xx_hal_exti.c...
compiling system_stm32f4xx.c...
compiling ControllerFunctions.c...
compiling ComplexMathFunctions.c...
compiling BasicMathFunctions.c...
compiling FastMathFunctions.c...
compiling BayesFunctions.c...
compiling InterpolationFunctions.c...
compiling QuaternionMathFunctions.c...
compiling SupportFunctions.c...
compiling SVMFunctions.c...
compiling StatisticsFunctions.c...
compiling DistanceFunctions.c...
compiling MatrixFunctions.c...
compiling CommonTables.c...
compiling TransformFunctions.c...
compiling FilteringFunctions.c...
linking...
Program Size: Code=22584 RO-data=5040 RW-data=4 ZI-data=12556  
FromELF: creating hex file...
"stm32f407vgt6_dsp\stm32f407vgt6_dsp.axf" - 0 Error(s), 0 Warning(s).

<h2>Software Packages used:</h2>

Package Vendor: ARM
                https://www.keil.com/pack/ARM.CMSIS.6.1.0.pack
                ARM::CMSIS@6.1.0
                CMSIS (Common Microcontroller Software Interface Standard)
   * Component: CORE Version: 6.1.0

Package Vendor: Keil
                https://www.keil.com/pack/Keil.STM32F4xx_DFP.3.1.0.pack
                Keil::STM32F4xx_DFP@3.1.0
                STMicroelectronics STM32F4 Series Device Support

<h2>Collection of Component include folders:</h2>
  ./RTE/_stm32f407vgt6_dsp
  C:/Users/31254/AppData/Local/Arm/Packs/ARM/CMSIS/6.1.0/CMSIS/Core/Include

<h2>Collection of Component Files used:</h2>

   * Component: ARM::CMSIS:CORE@6.1.0
      Include file:  CMSIS/Core/Include/tz_context.h
Build Time Elapsed:  00:00:05
</pre>
</body>
</html>
