Component: Arm Compiler for Embedded 6.21 Tool: armlink [5ec1fa00]

==============================================================================

Section Cross References

    startup_stm32f407xx.o(STACK) refers (Special) to heapauxi.o(.text) for __use_two_region_memory
    startup_stm32f407xx.o(HEAP) refers (Special) to heapauxi.o(.text) for __use_two_region_memory
    startup_stm32f407xx.o(RESET) refers (Special) to heapauxi.o(.text) for __use_two_region_memory
    startup_stm32f407xx.o(RESET) refers to startup_stm32f407xx.o(STACK) for __initial_sp
    startup_stm32f407xx.o(RESET) refers to startup_stm32f407xx.o(.text) for Reset_Handler
    startup_stm32f407xx.o(RESET) refers to lto-llvm-002d70.o(.text.NMI_Handler) for NMI_Handler
    startup_stm32f407xx.o(RESET) refers to lto-llvm-002d70.o(.text.HardFault_Handler) for HardFault_Handler
    startup_stm32f407xx.o(RESET) refers to lto-llvm-002d70.o(.text.MemManage_Handler) for MemManage_Handler
    startup_stm32f407xx.o(RESET) refers to lto-llvm-002d70.o(.text.BusFault_Handler) for BusFault_Handler
    startup_stm32f407xx.o(RESET) refers to lto-llvm-002d70.o(.text.UsageFault_Handler) for UsageFault_Handler
    startup_stm32f407xx.o(RESET) refers to lto-llvm-002d70.o(.text.SVC_Handler) for SVC_Handler
    startup_stm32f407xx.o(RESET) refers to lto-llvm-002d70.o(.text.DebugMon_Handler) for DebugMon_Handler
    startup_stm32f407xx.o(RESET) refers to lto-llvm-002d70.o(.text.PendSV_Handler) for PendSV_Handler
    startup_stm32f407xx.o(RESET) refers to lto-llvm-002d70.o(.text.SysTick_Handler) for SysTick_Handler
    startup_stm32f407xx.o(RESET) refers to lto-llvm-002d70.o(.text.UART4_IRQHandler) for UART4_IRQHandler
    startup_stm32f407xx.o(.text) refers (Special) to heapauxi.o(.text) for __use_two_region_memory
    startup_stm32f407xx.o(.text) refers to lto-llvm-002d70.o(.text.SystemInit) for SystemInit
    startup_stm32f407xx.o(.text) refers to __main.o(!!!main) for __main
    startup_stm32f407xx.o(.text) refers to startup_stm32f407xx.o(HEAP) for Heap_Mem
    startup_stm32f407xx.o(.text) refers to startup_stm32f407xx.o(STACK) for Stack_Mem
    __2printf.o(.text) refers to _printf_char_file.o(.text) for _printf_char_file
    __2printf.o(.text) refers to lto-llvm-002d70.o(.bss.__stdout) for __stdout
    noretval__2printf.o(.text) refers to _printf_char_file.o(.text) for _printf_char_file
    noretval__2printf.o(.text) refers to lto-llvm-002d70.o(.bss.__stdout) for __stdout
    __printf.o(.text) refers to _printf_percent.o(.ARM.Collect$$_printf_percent$$00000000) for _printf_percent
    _printf_str.o(.text) refers (Special) to _printf_char.o(.text) for _printf_cs_common
    _printf_str.o(.text) refers (Weak) to _printf_pad.o(.text) for _printf_pre_padding
    _printf_str.o(.text) refers (Weak) to _printf_pad.o(.text) for _printf_post_padding
    _printf_dec.o(.text) refers to _printf_intcommon.o(.text) for _printf_int_common
    _printf_hex_ll.o(.text) refers to _printf_intcommon.o(.text) for _printf_int_common
    _printf_hex_ll.o(.text) refers to _printf_hex_ll.o(.constdata) for .constdata
    _printf_hex_int.o(.text) refers to _printf_intcommon.o(.text) for _printf_int_common
    _printf_hex_int.o(.text) refers to _printf_hex_int.o(.constdata) for .constdata
    _printf_hex_int_ll.o(.text) refers to _printf_intcommon.o(.text) for _printf_int_common
    _printf_hex_int_ll.o(.text) refers to _printf_hex_int_ll.o(.constdata) for .constdata
    _printf_hex_ptr.o(.text) refers to _printf_intcommon.o(.text) for _printf_int_common
    _printf_hex_ptr.o(.text) refers to _printf_hex_ptr.o(.constdata) for .constdata
    _printf_hex_int_ptr.o(.text) refers to _printf_intcommon.o(.text) for _printf_int_common
    _printf_hex_int_ptr.o(.text) refers to _printf_hex_int_ptr.o(.constdata) for .constdata
    _printf_hex_ll_ptr.o(.text) refers to _printf_intcommon.o(.text) for _printf_int_common
    _printf_hex_ll_ptr.o(.text) refers to _printf_hex_ll_ptr.o(.constdata) for .constdata
    _printf_hex_int_ll_ptr.o(.text) refers to _printf_intcommon.o(.text) for _printf_int_common
    _printf_hex_int_ll_ptr.o(.text) refers to _printf_hex_int_ll_ptr.o(.constdata) for .constdata
    __printf_flags.o(.text) refers to _printf_percent.o(.ARM.Collect$$_printf_percent$$00000000) for _printf_percent
    __printf_flags.o(.text) refers to __printf_flags.o(.constdata) for .constdata
    __printf_ss.o(.text) refers to _printf_percent.o(.ARM.Collect$$_printf_percent$$00000000) for _printf_percent
    __printf_flags_ss.o(.text) refers to _printf_percent.o(.ARM.Collect$$_printf_percent$$00000000) for _printf_percent
    __printf_flags_ss.o(.text) refers to __printf_flags_ss.o(.constdata) for .constdata
    __printf_wp.o(.text) refers to __printf_wp.o(i._is_digit) for _is_digit
    __printf_wp.o(.text) refers to _printf_percent.o(.ARM.Collect$$_printf_percent$$00000000) for _printf_percent
    __printf_flags_wp.o(.text) refers to __printf_wp.o(i._is_digit) for _is_digit
[...]
    ../clib/printf.c                         0x00000000   Number         0  _printf_dec.o ABSOLUTE
    ../clib/printf.c                         0x00000000   Number         0  _printf_hex_ll.o ABSOLUTE
    ../clib/printf.c                         0x00000000   Number         0  _printf_hex_int.o ABSOLUTE
    ../clib/printf.c                         0x00000000   Number         0  _printf_hex_int_ll.o ABSOLUTE
    ../clib/printf.c                         0x00000000   Number         0  _printf_hex_ptr.o ABSOLUTE
    ../clib/printf.c                         0x00000000   Number         0  _printf_hex_int_ptr.o ABSOLUTE
    ../clib/printf.c                         0x00000000   Number         0  _printf_hex_ll_ptr.o ABSOLUTE
    ../clib/printf.c                         0x00000000   Number         0  _printf_hex_int_ll_ptr.o ABSOLUTE
    ../clib/printf.c                         0x00000000   Number         0  __printf_flags.o ABSOLUTE
    ../clib/printf.c                         0x00000000   Number         0  __printf_ss.o ABSOLUTE
    ../clib/printf.c                         0x00000000   Number         0  __printf_flags_ss.o ABSOLUTE
    ../clib/printf.c                         0x00000000   Number         0  __printf_wp.o ABSOLUTE
    ../clib/printf.c                         0x00000000   Number         0  __printf_flags_wp.o ABSOLUTE
    ../clib/printf.c                         0x00000000   Number         0  __printf_ss_wp.o ABSOLUTE
    ../clib/printf.c                         0x00000000   Number         0  __printf_flags_ss_wp.o ABSOLUTE
    ../clib/printf.c                         0x00000000   Number         0  _printf_intcommon.o ABSOLUTE
    ../clib/printf.c                         0x00000000   Number         0  _printf_fp_dec.o ABSOLUTE
    ../clib/printf.c                         0x00000000   Number         0  _printf_fp_dec_accurate.o ABSOLUTE
    ../clib/printf.c                         0x00000000   Number         0  _printf_char.o ABSOLUTE
    ../clib/printf.c                         0x00000000   Number         0  _printf_char_file.o ABSOLUTE
    ../clib/printf.c                         0x00000000   Number         0  _printf_char_common.o ABSOLUTE
    ../clib/printf.c                         0x00000000   Number         0  _printf_fp_infnan.o ABSOLUTE
    ../clib/printf.c                         0x00000000   Number         0  __printf_nopercent.o ABSOLUTE
    ../clib/printf_percent.s                 0x00000000   Number         0  _printf_s.o ABSOLUTE
    ../clib/printf_percent.s                 0x00000000   Number         0  _printf_x.o ABSOLUTE
    ../clib/printf_percent.s                 0x00000000   Number         0  _printf_d.o ABSOLUTE
    ../clib/printf_percent.s                 0x00000000   Number         0  _printf_u.o ABSOLUTE
    ../clib/printf_percent.s                 0x00000000   Number         0  _printf_f.o ABSOLUTE
    ../clib/printf_percent.s                 0x00000000   Number         0  _printf_percent.o ABSOLUTE
    ../clib/printf_percent.s                 0x00000000   Number         0  _printf_percent_end.o ABSOLUTE
    ../clib/signal.c                         0x00000000   Number         0  defsig_rtmem_outer.o ABSOLUTE
    ../clib/signal.c                         0x00000000   Number         0  defsig_rtmem_formal.o ABSOLUTE
    ../clib/signal.c                         0x00000000   Number         0  defsig_exit.o ABSOLUTE
    ../clib/signal.c                         0x00000000   Number         0  defsig_rtmem_inner.o ABSOLUTE
    ../clib/signal.c                         0x00000000   Number         0  __raise.o ABSOLUTE
    ../clib/signal.c                         0x00000000   Number         0  defsig_general.o ABSOLUTE
    ../clib/signal.c                         0x00000000   Number         0  defsig_abrt_inner.o ABSOLUTE
    ../clib/signal.c                         0x00000000   Number         0  defsig_fpe_inner.o ABSOLUTE
    ../clib/signal.c                         0x00000000   Number         0  defsig_rtred_inner.o ABSOLUTE
    ../clib/signal.c                         0x00000000   Number         0  defsig_stak_inner.o ABSOLUTE
    ../clib/signal.c                         0x00000000   Number         0  defsig_pvfn_inner.o ABSOLUTE
    ../clib/signal.c                         0x00000000   Number         0  defsig_cppl_inner.o ABSOLUTE
    ../clib/signal.c                         0x00000000   Number         0  defsig_segv_inner.o ABSOLUTE
    ../clib/signal.c                         0x00000000   Number         0  defsig_other.o ABSOLUTE
    ../clib/signal.c                         0x00000000   Number         0  defsig_fpe_outer.o ABSOLUTE
    ../clib/signal.c                         0x00000000   Number         0  defsig_fpe_formal.o ABSOLUTE
    ../clib/signal.s                         0x00000000   Number         0  defsig.o ABSOLUTE
    ../clib/stdio.c                          0x00000000   Number         0  puts.o ABSOLUTE
    ../clib/stdio.c                          0x00000000   Number         0  ferror.o ABSOLUTE
    ../clib/stdio.c                          0x00000000   Number         0  ferror_locked.o ABSOLUTE
    ../clib/stdlib.c                         0x00000000   Number         0  exit.o ABSOLUTE
    ../fplib/basic.s                         0x00000000   Number         0  basic.o ABSOLUTE
    ../fplib/daddsub.s                       0x00000000   Number         0  daddsub_clz.o ABSOLUTE
    ../fplib/dcmpi.s                         0x00000000   Number         0  dcmpi.o ABSOLUTE
    ../fplib/ddiv.s                          0x00000000   Number         0  ddiv.o ABSOLUTE
    ../fplib/deqf.s                          0x00000000   Number         0  deqf.o ABSOLUTE
    ../fplib/dfix.s                          0x00000000   Number         0  dfix.o ABSOLUTE
    ../fplib/dflt.s                          0x00000000   Number         0  dflt_clz.o ABSOLUTE
    ../fplib/dleqf.s                         0x00000000   Number         0  dleqf.o ABSOLUTE
    ../fplib/dmul.s                          0x00000000   Number         0  dmul.o ABSOLUTE
    ../fplib/dnaninf.s                       0x00000000   Number         0  dnaninf.o ABSOLUTE
    ../fplib/dretinf.s                       0x00000000   Number         0  dretinf.o ABSOLUTE
    ../fplib/drleqf.s                        0x00000000   Number         0  drleqf.o ABSOLUTE
    ../fplib/dsqrt.s                         0x00000000   Number         0  dsqrt_umaal.o ABSOLUTE
    ../fplib/f2d.s                           0x00000000   Number         0  f2d.o ABSOLUTE
    ../fplib/fnaninf.s                       0x00000000   Number         0  fnaninf.o ABSOLUTE
    ../fplib/fpinit.s                        0x00000000   Number         0  fpinit.o ABSOLUTE
    ../fplib/istatus.s                       0x00000000   Number         0  istatus.o ABSOLUTE
    ../fplib/printf1.s                       0x00000000   Number         0  printf1.o ABSOLUTE
    ../fplib/usenofp.s                       0x00000000   Number         0  usenofp.o ABSOLUTE
    ../mathlib/dunder.c                      0x00000000   Number         0  dunder.o ABSOLUTE
    ../mathlib/exp.c                         0x00000000   Number         0  exp.o ABSOLUTE
    ../mathlib/expf.c                        0x00000000   Number         0  expf.o ABSOLUTE
    ../mathlib/fpclassify.c                  0x00000000   Number         0  fpclassify.o ABSOLUTE
    ../mathlib/fpclassifyf.c                 0x00000000   Number         0  fpclassifyf.o ABSOLUTE
    ../mathlib/funder.c                      0x00000000   Number         0  funder.o ABSOLUTE
    ../mathlib/log.c                         0x00000000   Number         0  log.o ABSOLUTE
    ../mathlib/logf.c                        0x00000000   Number         0  logf.o ABSOLUTE
    ../mathlib/poly.c                        0x00000000   Number         0  poly.o ABSOLUTE
    ../mathlib/powf.c                        0x00000000   Number         0  powf.o ABSOLUTE
    ../mathlib/qnan.c                        0x00000000   Number         0  qnan.o ABSOLUTE
    ../mathlib/rredf.c                       0x00000000   Number         0  rredf.o ABSOLUTE
    ../mathlib/sinf.c                        0x00000000   Number         0  sinf.o ABSOLUTE
    ../mathlib/sqrt.c                        0x00000000   Number         0  sqrt.o ABSOLUTE
    ../mathlib/tanhf.c                       0x00000000   Number         0  tanhf.o ABSOLUTE
    dc.s                                     0x00000000   Number         0  dc.o ABSOLUTE
    ld-temp.o                                0x00000000   Number         0  lto-llvm-002d70.o ABSOLUTE
    startup_stm32f407xx.s                    0x00000000   Number         0  startup_stm32f407xx.o ABSOLUTE
    RESET                                    0x08000000   Section      392  startup_stm32f407xx.o(RESET)
    !!!main                                  0x08000188   Section        8  __main.o(!!!main)
    !!!scatter                               0x08000190   Section       92  __scatter.o(!!!scatter)
    !!handler_copy                           0x080001ec   Section       26  __scatter_copy.o(!!handler_copy)
    !!handler_null                           0x08000208   Section        2  __scatter.o(!!handler_null)
    !!handler_zi                             0x0800020c   Section       28  __scatter_zi.o(!!handler_zi)
    .ARM.Collect$$_printf_percent$$00000000  0x08000228   Section        0  _printf_percent.o(.ARM.Collect$$_printf_percent$$00000000)
    .ARM.Collect$$_printf_percent$$00000003  0x08000228   Section        6  _printf_f.o(.ARM.Collect$$_printf_percent$$00000003)
    .ARM.Collect$$_printf_percent$$00000009  0x0800022e   Section        6  _printf_d.o(.ARM.Collect$$_printf_percent$$00000009)
    .ARM.Collect$$_printf_percent$$0000000A  0x08000234   Section        6  _printf_u.o(.ARM.Collect$$_printf_percent$$0000000A)
    .ARM.Collect$$_printf_percent$$0000000C  0x0800023a   Section        6  _printf_x.o(.ARM.Collect$$_printf_percent$$0000000C)
    .ARM.Collect$$_printf_percent$$00000014  0x08000240   Section        6  _printf_s.o(.ARM.Collect$$_printf_percent$$00000014)
    .ARM.Collect$$_printf_percent$$00000017  0x08000246   Section        4  _printf_percent_end.o(.ARM.Collect$$_printf_percent$$00000017)
    .ARM.Collect$$libinit$$00000000          0x0800024a   Section        2  libinit.o(.ARM.Collect$$libinit$$00000000)
    .ARM.Collect$$libinit$$00000001          0x0800024c   Section        4  libinit2.o(.ARM.Collect$$libinit$$00000001)
    .ARM.Collect$$libinit$$00000004          0x08000250   Section        0  libinit2.o(.ARM.Collect$$libinit$$00000004)
    .ARM.Collect$$libinit$$00000006          0x08000250   Section        0  libinit2.o(.ARM.Collect$$libinit$$00000006)
    .ARM.Collect$$libinit$$0000000C          0x08000250   Section        0  libinit2.o(.ARM.Collect$$libinit$$0000000C)
    .ARM.Collect$$libinit$$0000000E          0x08000250   Section        0  libinit2.o(.ARM.Collect$$libinit$$0000000E)
    .ARM.Collect$$libinit$$00000010          0x08000250   Section        0  libinit2.o(.ARM.Collect$$libinit$$00000010)
    .ARM.Collect$$libinit$$00000011          0x08000250   Section        6  libinit2.o(.ARM.Collect$$libinit$$00000011)
    .ARM.Collect$$libinit$$00000013          0x08000256   Section        0  libinit2.o(.ARM.Collect$$libinit$$00000013)
    .ARM.Collect$$libinit$$00000015          0x08000256   Section        0  libinit2.o(.ARM.Collect$$libinit$$00000015)
    .ARM.Collect$$libinit$$00000017          0x08000256   Section        0  libinit2.o(.ARM.Collect$$libinit$$00000017)
    .ARM.Collect$$libinit$$00000018          0x08000256   Section       10  libinit2.o(.ARM.Collect$$libinit$$00000018)
    .ARM.Collect$$libinit$$00000019          0x08000260   Section        0  libinit2.o(.ARM.Collect$$libinit$$00000019)
    .ARM.Collect$$libinit$$0000001B          0x08000260   Section        0  libinit2.o(.ARM.Collect$$libinit$$0000001B)
    .ARM.Collect$$libinit$$0000001D          0x08000260   Section        0  libinit2.o(.ARM.Collect$$libinit$$0000001D)
    .ARM.Collect$$libinit$$0000001F          0x08000260   Section        0  libinit2.o(.ARM.Collect$$libinit$$0000001F)
    .ARM.Collect$$libinit$$00000021          0x08000260   Section        0  libinit2.o(.ARM.Collect$$libinit$$00000021)
    .ARM.Collect$$libinit$$00000023          0x08000260   Section        0  libinit2.o(.ARM.Collect$$libinit$$00000023)
    .ARM.Collect$$libinit$$00000025          0x08000260   Section        0  libinit2.o(.ARM.Collect$$libinit$$00000025)
    .ARM.Collect$$libinit$$00000027          0x08000260   Section        0  libinit2.o(.ARM.Collect$$libinit$$00000027)
    .ARM.Collect$$libinit$$0000002E          0x08000260   Section        0  libinit2.o(.ARM.Collect$$libinit$$0000002E)
    .ARM.Collect$$libinit$$00000030          0x08000260   Section        0  libinit2.o(.ARM.Collect$$libinit$$00000030)
    .ARM.Collect$$libinit$$00000032          0x08000260   Section        0  libinit2.o(.ARM.Collect$$libinit$$00000032)
    .ARM.Collect$$libinit$$00000034          0x08000260   Section        0  libinit2.o(.ARM.Collect$$libinit$$00000034)
    .ARM.Collect$$libinit$$00000035          0x08000260   Section        2  libinit2.o(.ARM.Collect$$libinit$$00000035)
    .ARM.Collect$$libshutdown$$00000000      0x08000262   Section        2  libshutdown.o(.ARM.Collect$$libshutdown$$00000000)
    .ARM.Collect$$libshutdown$$00000002      0x08000264   Section        0  libshutdown2.o(.ARM.Collect$$libshutdown$$00000002)
    .ARM.Collect$$libshutdown$$00000004      0x08000264   Section        0  libshutdown2.o(.ARM.Collect$$libshutdown$$00000004)
    .ARM.Collect$$libshutdown$$00000007      0x08000264   Section        0  libshutdown2.o(.ARM.Collect$$libshutdown$$00000007)
    .ARM.Collect$$libshutdown$$0000000A      0x08000264   Section        0  libshutdown2.o(.ARM.Collect$$libshutdown$$0000000A)
    .ARM.Collect$$libshutdown$$0000000C      0x08000264   Section        0  libshutdown2.o(.ARM.Collect$$libshutdown$$0000000C)
    .ARM.Collect$$libshutdown$$0000000F      0x08000264   Section        0  libshutdown2.o(.ARM.Collect$$libshutdown$$0000000F)
    .ARM.Collect$$libshutdown$$00000010      0x08000264   Section        2  libshutdown2.o(.ARM.Collect$$libshutdown$$00000010)
    .ARM.Collect$$rtentry$$00000000          0x08000266   Section        0  __rtentry.o(.ARM.Collect$$rtentry$$00000000)
    .ARM.Collect$$rtentry$$00000002          0x08000266   Section        0  __rtentry2.o(.ARM.Collect$$rtentry$$00000002)
    .ARM.Collect$$rtentry$$00000004          0x08000266   Section        6  __rtentry4.o(.ARM.Collect$$rtentry$$00000004)
    .ARM.Collect$$rtentry$$00000009          0x0800026c   Section        0  __rtentry2.o(.ARM.Collect$$rtentry$$00000009)
    .ARM.Collect$$rtentry$$0000000A          0x0800026c   Section        4  __rtentry2.o(.ARM.Collect$$rtentry$$0000000A)
    .ARM.Collect$$rtentry$$0000000C          0x08000270   Section        0  __rtentry2.o(.ARM.Collect$$rtentry$$0000000C)
    .ARM.Collect$$rtentry$$0000000D          0x08000270   Section        8  __rtentry2.o(.ARM.Collect$$rtentry$$0000000D)
    .ARM.Collect$$rtexit$$00000000           0x08000278   Section        2  rtexit.o(.ARM.Collect$$rtexit$$00000000)
    .ARM.Collect$$rtexit$$00000002           0x0800027a   Section        0  rtexit2.o(.ARM.Collect$$rtexit$$00000002)
    .ARM.Collect$$rtexit$$00000003           0x0800027a   Section        4  rtexit2.o(.ARM.Collect$$rtexit$$00000003)
    .ARM.Collect$$rtexit$$00000004           0x0800027e   Section        6  rtexit2.o(.ARM.Collect$$rtexit$$00000004)
    $v0                                      0x08000284   Number         0  startup_stm32f407xx.o(.text)
    .text                                    0x08000284   Section       64  startup_stm32f407xx.o(.text)
    .text                                    0x080002c4   Section        0  noretval__2printf.o(.text)
    .text                                    0x080002dc   Section        0  _printf_pad.o(.text)
    .text                                    0x0800032a   Section        0  _printf_str.o(.text)
    .text                                    0x0800037c   Section        0  _printf_dec.o(.text)
    .text                                    0x080003f4   Section        0  _printf_hex_int.o(.text)
    .text                                    0x0800044c   Section        0  __printf_flags_ss_wp.o(.text)
    .text                                    0x080005d4   Section        0  puts.o(.text)
    .text                                    0x08000600   Section        0  heapauxi.o(.text)
    .text                                    0x08000606   Section        0  _rserrno.o(.text)
    .text                                    0x0800061c   Section        0  _printf_intcommon.o(.text)
    _fp_digits                               0x080006cf   Thumb Code   432  _printf_fp_dec.o(.text)
    .text                                    0x080006ce   Section        0  _printf_fp_dec.o(.text)
    .text                                    0x08000aea   Section        0  _printf_char.o(.text)
    .text                                    0x08000b18   Section        0  _printf_char_file.o(.text)
    .text                                    0x08000b3c   Section        8  rt_locale_intlibspace.o(.text)
    .text                                    0x08000b44   Section        8  rt_errno_addr_intlibspace.o(.text)
    .text                                    0x08000b4c   Section      138  lludiv10.o(.text)
    _printf_input_char                       0x08000bd9   Thumb Code    10  _printf_char_common.o(.text)
    .text                                    0x08000bd8   Section        0  _printf_char_common.o(.text)
    .text                                    0x08000c08   Section        0  _printf_fp_infnan.o(.text)
    .text                                    0x08000c88   Section        0  bigflt0.o(.text)
    .text                                    0x08000d6c   Section        0  ferror.o(.text)
    .text                                    0x08000d74   Section        8  libspace.o(.text)
    .text                                    0x08000d7c   Section       74  sys_stackheap_outer.o(.text)
    .text                                    0x08000dc6   Section        0  exit.o(.text)
    .text                                    0x08000dd8   Section      124  strcmpv7em.o(.text)
    .text                                    0x08000e54   Section      240  lludivv7m.o(.text)
    .text                                    0x08000f44   Section       78  rt_memclr_w.o(.text)
    [Anonymous Symbol]                       0x08000f94   Section        0  lto-llvm-002d70.o(.text.BusFault_Handler)
    [Anonymous Symbol]                       0x08000f98   Section        0  lto-llvm-002d70.o(.text.DebugMon_Handler)
    HAL_GPIO_Init                            0x08000f9d   Thumb Code   414  lto-llvm-002d70.o(.text.HAL_GPIO_Init)
    [Anonymous Symbol]                       0x08000f9c   Section        0  lto-llvm-002d70.o(.text.HAL_GPIO_Init)
    [Anonymous Symbol]                       0x0800113c   Section        0  lto-llvm-002d70.o(.text.HardFault_Handler)
    [Anonymous Symbol]                       0x08001140   Section        0  lto-llvm-002d70.o(.text.MemManage_Handler)
    [Anonymous Symbol]                       0x08001144   Section        0  lto-llvm-002d70.o(.text.NMI_Handler)
    [Anonymous Symbol]                       0x08001148   Section        0  lto-llvm-002d70.o(.text.PendSV_Handler)
    [Anonymous Symbol]                       0x0800114c   Section        0  lto-llvm-002d70.o(.text.SVC_Handler)
    [Anonymous Symbol]                       0x08001150   Section        0  lto-llvm-002d70.o(.text.SysTick_Handler)
    [Anonymous Symbol]                       0x08001160   Section        0  lto-llvm-002d70.o(.text.SystemInit)
    [Anonymous Symbol]                       0x08001174   Section        0  lto-llvm-002d70.o(.text.UART4_IRQHandler)
    UART_DMAAbortOnError                     0x08001799   Thumb Code     8  lto-llvm-002d70.o(.text.UART_DMAAbortOnError)
    [Anonymous Symbol]                       0x08001798   Section        0  lto-llvm-002d70.o(.text.UART_DMAAbortOnError)
    UART_Receive_IT                          0x080017a1   Thumb Code   232  lto-llvm-002d70.o(.text.UART_Receive_IT)
    [Anonymous Symbol]                       0x080017a0   Section        0  lto-llvm-002d70.o(.text.UART_Receive_IT)
    [Anonymous Symbol]                       0x08001888   Section        0  lto-llvm-002d70.o(.text.UsageFault_Handler)
    arm_gaussian_naive_bayes_predict_f32     0x0800188d   Thumb Code   464  lto-llvm-002d70.o(.text.arm_gaussian_naive_bayes_predict_f32)
    [Anonymous Symbol]                       0x0800188c   Section        0  lto-llvm-002d70.o(.text.arm_gaussian_naive_bayes_predict_f32)
    arm_radix8_butterfly_f32                 0x08001a65   Thumb Code  1400  lto-llvm-002d70.o(.text.arm_radix8_butterfly_f32)
    [Anonymous Symbol]                       0x08001a64   Section        0  lto-llvm-002d70.o(.text.arm_radix8_butterfly_f32)
    __arm_cp.19_1                            0x08001a88   Number         4  lto-llvm-002d70.o(.text.arm_radix8_butterfly_f32)
    arm_svm_linear_predict_f32               0x08001fdd   Thumb Code   724  lto-llvm-002d70.o(.text.arm_svm_linear_predict_f32)
    [Anonymous Symbol]                       0x08001fdc   Section        0  lto-llvm-002d70.o(.text.arm_svm_linear_predict_f32)
    dsp_test_all                             0x080022b9   Thumb Code  8240  lto-llvm-002d70.o(.text.dsp_test_all)
    [Anonymous Symbol]                       0x080022b8   Section        0  lto-llvm-002d70.o(.text.dsp_test_all)
    __arm_cp.1_100                           0x08002808   Number         4  lto-llvm-002d70.o(.text.dsp_test_all)
    __arm_cp.1_101                           0x0800280c   Number         4  lto-llvm-002d70.o(.text.dsp_test_all)
    __arm_cp.1_102                           0x08002810   Number         4  lto-llvm-002d70.o(.text.dsp_test_all)
    __arm_cp.1_103                           0x080034b4   Number         4  lto-llvm-002d70.o(.text.dsp_test_all)
    __arm_cp.1_112                           0x080034f8   Number         4  lto-llvm-002d70.o(.text.dsp_test_all)
    __arm_cp.1_113                           0x080034fc   Number         4  lto-llvm-002d70.o(.text.dsp_test_all)
    __arm_cp.1_114                           0x08003500   Number         4  lto-llvm-002d70.o(.text.dsp_test_all)
    __arm_cp.1_115                           0x08003eec   Number         4  lto-llvm-002d70.o(.text.dsp_test_all)
    __arm_cp.1_116                           0x08003f18   Number         4  lto-llvm-002d70.o(.text.dsp_test_all)
    __arm_cp.1_117                           0x08003f1c   Number         4  lto-llvm-002d70.o(.text.dsp_test_all)
    __arm_cp.1_118                           0x08003f20   Number         4  lto-llvm-002d70.o(.text.dsp_test_all)
    __arm_cp.1_119                           0x08003f24   Number         4  lto-llvm-002d70.o(.text.dsp_test_all)
    __arm_cp.1_120                           0x08003f28   Number         4  lto-llvm-002d70.o(.text.dsp_test_all)
    [Anonymous Symbol]                       0x08004300   Section        0  lto-llvm-002d70.o(.text.fputc)
    [Anonymous Symbol]                       0x08004328   Section        0  lto-llvm-002d70.o(.text.main)
    AHBPrescTable                            0x080049d8   Number         0  lto-llvm-002d70.o(.text.main)
    APBPrescTable                            0x080049e8   Number         0  lto-llvm-002d70.o(.text.main)
    print_matrix_f32                         0x080049f1   Thumb Code   172  lto-llvm-002d70.o(.text.print_matrix_f32)
    [Anonymous Symbol]                       0x080049f0   Section        0  lto-llvm-002d70.o(.text.print_matrix_f32)
    CL$$btod_d2e                             0x08004abc   Section       62  btod.o(CL$$btod_d2e)
    CL$$btod_d2e_denorm_low                  0x08004afa   Section       70  btod.o(CL$$btod_d2e_denorm_low)
    CL$$btod_d2e_norm_op1                    0x08004b40   Section       96  btod.o(CL$$btod_d2e_norm_op1)
    CL$$btod_div_common                      0x08004ba0   Section      824  btod.o(CL$$btod_div_common)
    CL$$btod_e2e                             0x08004ed8   Section      220  btod.o(CL$$btod_e2e)
    CL$$btod_ediv                            0x08004fb4   Section       42  btod.o(CL$$btod_ediv)
    CL$$btod_emul                            0x08004fde   Section       42  btod.o(CL$$btod_emul)
    CL$$btod_mult_common                     0x08005008   Section      580  btod.o(CL$$btod_mult_common)
    i.__ARM_fpclassify                       0x0800524c   Section        0  fpclassify.o(i.__ARM_fpclassify)
    i.__ARM_fpclassifyf                      0x0800527c   Section        0  fpclassifyf.o(i.__ARM_fpclassifyf)
    i.__hardfp_logf                          0x080052a4   Section        0  logf.o(i.__hardfp_logf)
    i.__hardfp_sinf                          0x08005410   Section        0  sinf.o(i.__hardfp_sinf)
    i.__mathlib_flt_divzero                  0x080055a0   Section        0  funder.o(i.__mathlib_flt_divzero)
    i.__mathlib_flt_infnan                   0x080055b4   Section        0  funder.o(i.__mathlib_flt_infnan)
    i.__mathlib_flt_invalid                  0x080055bc   Section        0  funder.o(i.__mathlib_flt_invalid)
    i.__mathlib_flt_underflow                0x080055cc   Section        0  funder.o(i.__mathlib_flt_underflow)
    i.__mathlib_rredf2                       0x080055dc   Section        0  rredf.o(i.__mathlib_rredf2)
    i._is_digit                              0x08005730   Section        0  __printf_wp.o(i._is_digit)
    locale$$code                             0x08005740   Section       44  lc_numeric_c.o(locale$$code)
    $v0                                      0x0800576c   Number         0  dretinf.o(x$fpl$dretinf)
    x$fpl$dretinf                            0x0800576c   Section       12  dretinf.o(x$fpl$dretinf)
    $v0                                      0x08005778   Number         0  f2d.o(x$fpl$f2d)
    x$fpl$f2d                                0x08005778   Section       86  f2d.o(x$fpl$f2d)
    $v0                                      0x080057ce   Number         0  fnaninf.o(x$fpl$fnaninf)
    x$fpl$fnaninf                            0x080057ce   Section      140  fnaninf.o(x$fpl$fnaninf)
    $v0                                      0x0800585a   Number         0  fpinit.o(x$fpl$fpinit)
    x$fpl$fpinit                             0x0800585a   Section       26  fpinit.o(x$fpl$fpinit)
    $v0                                      0x08005874   Number         0  printf1.o(x$fpl$printf1)
    x$fpl$printf1                            0x08005874   Section        4  printf1.o(x$fpl$printf1)
    uc_hextab                                0x08005878   Data          20  _printf_hex_int.o(.constdata)
    .constdata                               0x08005878   Section       40  _printf_hex_int.o(.constdata)
    x$fpl$usenofp                            0x08005878   Section        0  usenofp.o(x$fpl$usenofp)
    lc_hextab                                0x0800588c   Data          20  _printf_hex_int.o(.constdata)
    maptable                                 0x080058a0   Data          17  __printf_flags_ss_wp.o(.constdata)
    .constdata                               0x080058a0   Section       17  __printf_flags_ss_wp.o(.constdata)
    logahi                                   0x080058b4   Data          32  logf.o(.constdata)
    .constdata                               0x080058b4   Section       64  logf.o(.constdata)
    logalo                                   0x080058d4   Data          32  logf.o(.constdata)
    twooverpi                                0x080058f4   Data          32  rredf.o(.constdata)
    .constdata                               0x080058f4   Section       32  rredf.o(.constdata)
    tenpwrs_x                                0x08005914   Data          60  bigflt0.o(.constdata)
    .constdata                               0x08005914   Section      148  bigflt0.o(.constdata)
    tenpwrs_i                                0x08005950   Data          64  bigflt0.o(.constdata)
    .L__const.dsp_matrix_test.p_data         0x080059a8   Data          36  lto-llvm-002d70.o(.rodata..L__const.dsp_matrix_test.p_data)
    .L__const.dsp_support_test.src_sort      0x080059cc   Data          20  lto-llvm-002d70.o(.rodata..L__const.dsp_support_test.src_sort)
    armBitRevIndexTable128                   0x080059e0   Data         416  lto-llvm-002d70.o(.rodata.armBitRevIndexTable128)
    [Anonymous Symbol]                       0x080059e0   Section        0  lto-llvm-002d70.o(.rodata.armBitRevIndexTable128)
    .L.str.5.59                              0x08005b80   Data          25  lto-llvm-002d70.o(.rodata.str1.1)
    [Anonymous Symbol]                       0x08005b80   Section        0  lto-llvm-002d70.o(.rodata.str1.1)
    .L.str.4.58                              0x08005b99   Data          25  lto-llvm-002d70.o(.rodata.str1.1)
    .L.str.3.68                              0x08005bb2   Data          49  lto-llvm-002d70.o(.rodata.str1.1)
    .L.str.1.79                              0x08005be3   Data          47  lto-llvm-002d70.o(.rodata.str1.1)
    .L.str.2.80                              0x08005c12   Data          47  lto-llvm-002d70.o(.rodata.str1.1)
    .L.str.1.108                             0x08005c41   Data          31  lto-llvm-002d70.o(.rodata.str1.1)
    .L.str.2.109                             0x08005c60   Data          33  lto-llvm-002d70.o(.rodata.str1.1)
    .L.str.1.22                              0x08005c81   Data          55  lto-llvm-002d70.o(.rodata.str1.1)
    .L.str.6                                 0x08005cb8   Data          33  lto-llvm-002d70.o(.rodata.str1.1)
    .L.str.3.95                              0x08005cd9   Data          38  lto-llvm-002d70.o(.rodata.str1.1)
    .L.str.6.29                              0x08005cff   Data          33  lto-llvm-002d70.o(.rodata.str1.1)
    .L.str.2.86                              0x08005d20   Data          33  lto-llvm-002d70.o(.rodata.str1.1)
    .L.str.3.87                              0x08005d41   Data          36  lto-llvm-002d70.o(.rodata.str1.1)
    .L.str.1.85                              0x08005d65   Data          36  lto-llvm-002d70.o(.rodata.str1.1)
    .L.str.4.88                              0x08005d89   Data          36  lto-llvm-002d70.o(.rodata.str1.1)
    .L.str.1.93                              0x08005dad   Data          32  lto-llvm-002d70.o(.rodata.str1.1)
    .L.str.2.94                              0x08005dcd   Data          32  lto-llvm-002d70.o(.rodata.str1.1)
    .L.str.3.102                             0x08005ded   Data          24  lto-llvm-002d70.o(.rodata.str1.1)
    .L.str.3.57                              0x08005e05   Data          13  lto-llvm-002d70.o(.rodata.str1.1)
    .L.str.1.55                              0x08005e12   Data          14  lto-llvm-002d70.o(.rodata.str1.1)
    .L.str.2.56                              0x08005e20   Data          13  lto-llvm-002d70.o(.rodata.str1.1)
    .L.str.6.60                              0x08005e2d   Data          15  lto-llvm-002d70.o(.rodata.str1.1)
    .L.str.7.61                              0x08005e3c   Data          13  lto-llvm-002d70.o(.rodata.str1.1)
    .L.str.4.17                              0x08005e49   Data          39  lto-llvm-002d70.o(.rodata.str1.1)
    .L.str.3.24                              0x08005e70   Data          36  lto-llvm-002d70.o(.rodata.str1.1)
    .Lstr.18                                 0x08005e94   Data          44  lto-llvm-002d70.o(.rodata.str1.1)
    .Lstr.17                                 0x08005ec0   Data          29  lto-llvm-002d70.o(.rodata.str1.1)
    .Lstr.107                                0x08005edd   Data          20  lto-llvm-002d70.o(.rodata.str1.1)
    .Lstr.84                                 0x08005ef1   Data          25  lto-llvm-002d70.o(.rodata.str1.1)
    .Lstr.4                                  0x08005f0a   Data          27  lto-llvm-002d70.o(.rodata.str1.1)
    .Lstr.13                                 0x08005f25   Data          29  lto-llvm-002d70.o(.rodata.str1.1)
    .Lstr.73                                 0x08005f42   Data          26  lto-llvm-002d70.o(.rodata.str1.1)
    .Lstr.99                                 0x08005f5c   Data          27  lto-llvm-002d70.o(.rodata.str1.1)
    .Lstr.92                                 0x08005f77   Data          30  lto-llvm-002d70.o(.rodata.str1.1)
    .Lstr.21                                 0x08005f95   Data          27  lto-llvm-002d70.o(.rodata.str1.1)
    .Lstr.54                                 0x08005fb0   Data          27  lto-llvm-002d70.o(.rodata.str1.1)
    .Lstr.78                                 0x08005fcb   Data          22  lto-llvm-002d70.o(.rodata.str1.1)
    .Lstr.65                                 0x08005fe1   Data          24  lto-llvm-002d70.o(.rodata.str1.1)
    .Lstr.43                                 0x08005ff9   Data          23  lto-llvm-002d70.o(.rodata.str1.1)
    .Lstr.16                                 0x08006010   Data          44  lto-llvm-002d70.o(.rodata.str1.1)
    .Lstr.15                                 0x08006012   Data          42  lto-llvm-002d70.o(.rodata.str1.1)
    .Lstr                                    0x0800603c   Data           3  lto-llvm-002d70.o(.rodata.str1.1)
    .Lstr.4.23                               0x0800603f   Data          16  lto-llvm-002d70.o(.rodata.str1.1)
    .Lstr.14                                 0x0800604f   Data          32  lto-llvm-002d70.o(.rodata.str1.1)
    .Lstr.9                                  0x0800606f   Data          25  lto-llvm-002d70.o(.rodata.str1.1)
    .Lstr.12                                 0x08006086   Data           2  lto-llvm-002d70.o(.rodata.str1.1)
    .L.str.2                                 0x08006088   Data           3  lto-llvm-002d70.o(.rodata.str1.1)
    .L.str.3.16                              0x0800608b   Data          26  lto-llvm-002d70.o(.rodata.str1.1)
    .L.str.5.8                               0x080060a5   Data          21  lto-llvm-002d70.o(.rodata.str1.1)
    .L.str.8                                 0x080060ba   Data          22  lto-llvm-002d70.o(.rodata.str1.1)
    .L.str.2.67                              0x080060d0   Data          11  lto-llvm-002d70.o(.rodata.str1.1)
    .L.str.1.74                              0x080060db   Data          25  lto-llvm-002d70.o(.rodata.str1.1)
    .L.str.6.49                              0x080060f4   Data           7  lto-llvm-002d70.o(.rodata.str1.1)
    .L.str.4.7                               0x080060fb   Data          26  lto-llvm-002d70.o(.rodata.str1.1)
    .L.str.2.6                               0x08006115   Data          25  lto-llvm-002d70.o(.rodata.str1.1)
    .L.str.7                                 0x0800612e   Data          20  lto-llvm-002d70.o(.rodata.str1.1)
    .L.str.3                                 0x08006142   Data          26  lto-llvm-002d70.o(.rodata.str1.1)
    .L.str.1.5                               0x0800615c   Data          25  lto-llvm-002d70.o(.rodata.str1.1)
    .L.str.1.14                              0x08006175   Data          28  lto-llvm-002d70.o(.rodata.str1.1)
    .L.str.2.15                              0x08006191   Data          24  lto-llvm-002d70.o(.rodata.str1.1)
    .L.str.5.70                              0x080061a9   Data          13  lto-llvm-002d70.o(.rodata.str1.1)
    .L.str.1.30                              0x080061b6   Data           2  lto-llvm-002d70.o(.rodata.str1.1)
    .L.str.5.34                              0x080061b8   Data           5  lto-llvm-002d70.o(.rodata.str1.1)
    .L.str.4.33                              0x080061bd   Data           5  lto-llvm-002d70.o(.rodata.str1.1)
    .L.str.3.32                              0x080061c2   Data           5  lto-llvm-002d70.o(.rodata.str1.1)
    .L.str.2.31                              0x080061c7   Data           5  lto-llvm-002d70.o(.rodata.str1.1)
    .L.str.3.46                              0x080061cc   Data           6  lto-llvm-002d70.o(.rodata.str1.1)
    .L.str.1.44                              0x080061d2   Data           6  lto-llvm-002d70.o(.rodata.str1.1)
    .L.str.2.45                              0x080061d8   Data           6  lto-llvm-002d70.o(.rodata.str1.1)
    .L.str                                   0x080061de   Data           6  lto-llvm-002d70.o(.rodata.str1.1)
    .L.str.4.103                             0x080061e4   Data          28  lto-llvm-002d70.o(.rodata.str1.1)
    .L.str.1.100                             0x08006200   Data          20  lto-llvm-002d70.o(.rodata.str1.1)
    .L.str.8.50                              0x08006214   Data          12  lto-llvm-002d70.o(.rodata.str1.1)
    .L.str.2.101                             0x08006220   Data          20  lto-llvm-002d70.o(.rodata.str1.1)
    .L.str.1.40                              0x08006234   Data          21  lto-llvm-002d70.o(.rodata.str1.1)
    .L.str.1                                 0x08006249   Data           5  lto-llvm-002d70.o(.rodata.str1.1)
    .L.str.4.69                              0x0800624e   Data          13  lto-llvm-002d70.o(.rodata.str1.1)
    .L.str.1.66                              0x0800625b   Data           5  lto-llvm-002d70.o(.rodata.str1.1)
    twiddleCoef_128                          0x08006260   Data        1024  lto-llvm-002d70.o(.rodata.twiddleCoef_128)
    [Anonymous Symbol]                       0x08006260   Section        0  lto-llvm-002d70.o(.rodata.twiddleCoef_128)
    twiddleCoef_rfft_256                     0x08006660   Data        1024  lto-llvm-002d70.o(.rodata.twiddleCoef_rfft_256)
    [Anonymous Symbol]                       0x08006660   Section        0  lto-llvm-002d70.o(.rodata.twiddleCoef_rfft_256)
    locale$$data                             0x08006a80   Section       28  lc_numeric_c.o(locale$$data)
    __lcnum_c_name                           0x08006a84   Data           2  lc_numeric_c.o(locale$$data)
    __lcnum_c_start                          0x08006a8c   Data           0  lc_numeric_c.o(locale$$data)
    __lcnum_c_point                          0x08006a98   Data           0  lc_numeric_c.o(locale$$data)
    __lcnum_c_thousands                      0x08006a9a   Data           0  lc_numeric_c.o(locale$$data)
    __lcnum_c_grouping                       0x08006a9b   Data           0  lc_numeric_c.o(locale$$data)
    __lcnum_c_end                            0x08006a9c   Data           0  lc_numeric_c.o(locale$$data)
    SystemCoreClock                          0x20000000   Data           4  lto-llvm-002d70.o(.data.SystemCoreClock)
    [Anonymous Symbol]                       0x20000000   Section        0  lto-llvm-002d70.o(.data.SystemCoreClock)
    .bss                                     0x20000008   Section       96  libspace.o(.bss)
    huart4                                   0x200000bc   Data          72  lto-llvm-002d70.o(.bss.huart4)
    [Anonymous Symbol]                       0x200000bc   Section        0  lto-llvm-002d70.o(.bss.huart4)
    uwTick                                   0x20000104   Data           4  lto-llvm-002d70.o(.bss.uwTick)
    [Anonymous Symbol]                       0x20000104   Section        0  lto-llvm-002d70.o(.bss.uwTick)
    uwTickPrio                               0x20000108   Data           1  lto-llvm-002d70.o(.bss.uwTickPrio)
    [Anonymous Symbol]                       0x20000108   Section        0  lto-llvm-002d70.o(.bss.uwTickPrio)
    Heap_Mem                                 0x20000110   Data        4096  startup_stm32f407xx.o(HEAP)
    HEAP                                     0x20000110   Section     4096  startup_stm32f407xx.o(HEAP)
    Stack_Mem                                0x20001110   Data        8192  startup_stm32f407xx.o(STACK)
    STACK                                    0x20001110   Section     8192  startup_stm32f407xx.o(STACK)
    __initial_sp                             0x20003110   Data           0  startup_stm32f407xx.o(STACK)

    Global Symbols

    Symbol Name                              Value     Ov Type        Size  Object(Section)

    BuildAttributes$$THM_ISAv4$E$P$D$K$B$S$7EM$VFPi3$EXTD16$VFPS$VFMA$PE$A:L22UL41UL21$X:L11$S22US41US21$IEEE1$IW$~IW$USESV6$~STKCKD$USESV7$~SHL$OTIME$ROPI$IEEEX$EBA8$UX$STANDARDLIB$REQ8$PRES8$EABIv2 0x00000000   Number         0  anon$$obj.o ABSOLUTE
    _printf_flags                            0x00000000   Number         0  printf_stubs.o ABSOLUTE
    _printf_return_value                     0x00000000   Number         0  printf_stubs.o ABSOLUTE
    _printf_sizespec                         0x00000000   Number         0  printf_stubs.o ABSOLUTE
    _printf_widthprec                        0x00000000   Number         0  printf_stubs.o ABSOLUTE
    __ARM_exceptions_init                     - Undefined Weak Reference
    __alloca_initialize                       - Undefined Weak Reference
    __arm_preinit_                            - Undefined Weak Reference
    __arm_relocate_pie_                       - Undefined Weak Reference
    __cpp_initialize__aeabi_                  - Undefined Weak Reference
    __cxa_finalize                            - Undefined Weak Reference
    __sigvec_lookup                           - Undefined Weak Reference
    _atexit_init                              - Undefined Weak Reference
    _call_atexit_fns                          - Undefined Weak Reference
    _clock_init                               - Undefined Weak Reference
    _fp_trap_init                             - Undefined Weak Reference
    _fp_trap_shutdown                         - Undefined Weak Reference
    _get_lc_collate                           - Undefined Weak Reference
    _get_lc_ctype                             - Undefined Weak Reference
    _get_lc_monetary                          - Undefined Weak Reference
    _get_lc_time                              - Undefined Weak Reference
    _getenv_init                              - Undefined Weak Reference
    _handle_redirection                       - Undefined Weak Reference
    _init_alloc                               - Undefined Weak Reference
    _init_user_alloc                          - Undefined Weak Reference
    _initio                                   - Undefined Weak Reference
    _mutex_acquire                            - Undefined Weak Reference
    _mutex_release                            - Undefined Weak Reference
    _printf_mbtowc                            - Undefined Weak Reference
    _printf_truncate_signed                   - Undefined Weak Reference
    _printf_truncate_unsigned                 - Undefined Weak Reference
    _rand_init                                - Undefined Weak Reference
    _signal_finish                            - Undefined Weak Reference
    _signal_init                              - Undefined Weak Reference
    _terminate_alloc                          - Undefined Weak Reference
    _terminate_user_alloc                     - Undefined Weak Reference
    _terminateio                              - Undefined Weak Reference
    __Vectors_Size                           0x00000188   Number         0  startup_stm32f407xx.o ABSOLUTE
    __Vectors                                0x08000000   Data           4  startup_stm32f407xx.o(RESET)
    __Vectors_End                            0x08000188   Data           0  startup_stm32f407xx.o(RESET)
    __main                                   0x08000189   Thumb Code     8  __main.o(!!!main)
    __scatterload                            0x08000191   Thumb Code     0  __scatter.o(!!!scatter)
    __scatterload_rt2                        0x08000191   Thumb Code    84  __scatter.o(!!!scatter)
    __scatterload_rt2_thumb_only             0x08000191   Thumb Code     0  __scatter.o(!!!scatter)
    __scatterload_loop                       0x0800019b   Thumb Code     0  __scatter.o(!!!scatter)
    __scatterload_copy                       0x080001ed   Thumb Code    26  __scatter_copy.o(!!handler_copy)
    __scatterload_null                       0x08000209   Thumb Code     2  __scatter.o(!!handler_null)
    __scatterload_zeroinit                   0x0800020d   Thumb Code    28  __scatter_zi.o(!!handler_zi)
    _printf_f                                0x08000229   Thumb Code     0  _printf_f.o(.ARM.Collect$$_printf_percent$$00000003)
    _printf_percent                          0x08000229   Thumb Code     0  _printf_percent.o(.ARM.Collect$$_printf_percent$$00000000)
    _printf_d                                0x0800022f   Thumb Code     0  _printf_d.o(.ARM.Collect$$_printf_percent$$00000009)
    _printf_u                                0x08000235   Thumb Code     0  _printf_u.o(.ARM.Collect$$_printf_percent$$0000000A)
    _printf_x                                0x0800023b   Thumb Code     0  _printf_x.o(.ARM.Collect$$_printf_percent$$0000000C)
    _printf_s                                0x08000241   Thumb Code     0  _printf_s.o(.ARM.Collect$$_printf_percent$$00000014)
    _printf_percent_end                      0x08000247   Thumb Code     0  _printf_percent_end.o(.ARM.Collect$$_printf_percent$$00000017)
    __rt_lib_init                            0x0800024b   Thumb Code     0  libinit.o(.ARM.Collect$$libinit$$00000000)
    __rt_lib_init_fp_1                       0x0800024d   Thumb Code     0  libinit2.o(.ARM.Collect$$libinit$$00000001)
    __rt_lib_init_heap_1                     0x08000251   Thumb Code     0  libinit2.o(.ARM.Collect$$libinit$$0000000C)
    __rt_lib_init_lc_common                  0x08000251   Thumb Code     0  libinit2.o(.ARM.Collect$$libinit$$00000011)
    __rt_lib_init_preinit_1                  0x08000251   Thumb Code     0  libinit2.o(.ARM.Collect$$libinit$$00000006)
    __rt_lib_init_rand_1                     0x08000251   Thumb Code     0  libinit2.o(.ARM.Collect$$libinit$$00000010)
    __rt_lib_init_relocate_pie_1             0x08000251   Thumb Code     0  libinit2.o(.ARM.Collect$$libinit$$00000004)
    __rt_lib_init_user_alloc_1               0x08000251   Thumb Code     0  libinit2.o(.ARM.Collect$$libinit$$0000000E)
    __rt_lib_init_lc_collate_1               0x08000257   Thumb Code     0  libinit2.o(.ARM.Collect$$libinit$$00000013)
    __rt_lib_init_lc_ctype_1                 0x08000257   Thumb Code     0  libinit2.o(.ARM.Collect$$libinit$$00000015)
    __rt_lib_init_lc_monetary_1              0x08000257   Thumb Code     0  libinit2.o(.ARM.Collect$$libinit$$00000017)
    __rt_lib_init_lc_numeric_2               0x08000257   Thumb Code     0  libinit2.o(.ARM.Collect$$libinit$$00000018)
    __rt_lib_init_alloca_1                   0x08000261   Thumb Code     0  libinit2.o(.ARM.Collect$$libinit$$00000030)
    __rt_lib_init_argv_1                     0x08000261   Thumb Code     0  libinit2.o(.ARM.Collect$$libinit$$0000002E)
    __rt_lib_init_atexit_1                   0x08000261   Thumb Code     0  libinit2.o(.ARM.Collect$$libinit$$0000001D)
    __rt_lib_init_clock_1                    0x08000261   Thumb Code     0  libinit2.o(.ARM.Collect$$libinit$$00000023)
    __rt_lib_init_cpp_1                      0x08000261   Thumb Code     0  libinit2.o(.ARM.Collect$$libinit$$00000034)
    __rt_lib_init_exceptions_1               0x08000261   Thumb Code     0  libinit2.o(.ARM.Collect$$libinit$$00000032)
    __rt_lib_init_fp_trap_1                  0x08000261   Thumb Code     0  libinit2.o(.ARM.Collect$$libinit$$00000021)
    __rt_lib_init_getenv_1                   0x08000261   Thumb Code     0  libinit2.o(.ARM.Collect$$libinit$$00000025)
    __rt_lib_init_lc_numeric_1               0x08000261   Thumb Code     0  libinit2.o(.ARM.Collect$$libinit$$00000019)
    __rt_lib_init_lc_time_1                  0x08000261   Thumb Code     0  libinit2.o(.ARM.Collect$$libinit$$0000001B)
    __rt_lib_init_return                     0x08000261   Thumb Code     0  libinit2.o(.ARM.Collect$$libinit$$00000035)
    __rt_lib_init_signal_1                   0x08000261   Thumb Code     0  libinit2.o(.ARM.Collect$$libinit$$0000001F)
    __rt_lib_init_stdio_1                    0x08000261   Thumb Code     0  libinit2.o(.ARM.Collect$$libinit$$00000027)
    __rt_lib_shutdown                        0x08000263   Thumb Code     0  libshutdown.o(.ARM.Collect$$libshutdown$$00000000)
    __rt_lib_shutdown_cpp_1                  0x08000265   Thumb Code     0  libshutdown2.o(.ARM.Collect$$libshutdown$$00000002)
    __rt_lib_shutdown_fp_trap_1              0x08000265   Thumb Code     0  libshutdown2.o(.ARM.Collect$$libshutdown$$00000007)
    __rt_lib_shutdown_heap_1                 0x08000265   Thumb Code     0  libshutdown2.o(.ARM.Collect$$libshutdown$$0000000F)
    __rt_lib_shutdown_return                 0x08000265   Thumb Code     0  libshutdown2.o(.ARM.Collect$$libshutdown$$00000010)
    __rt_lib_shutdown_signal_1               0x08000265   Thumb Code     0  libshutdown2.o(.ARM.Collect$$libshutdown$$0000000A)
    __rt_lib_shutdown_stdio_1                0x08000265   Thumb Code     0  libshutdown2.o(.ARM.Collect$$libshutdown$$00000004)
    __rt_lib_shutdown_user_alloc_1           0x08000265   Thumb Code     0  libshutdown2.o(.ARM.Collect$$libshutdown$$0000000C)
    __rt_entry                               0x08000267   Thumb Code     0  __rtentry.o(.ARM.Collect$$rtentry$$00000000)
    __rt_entry_presh_1                       0x08000267   Thumb Code     0  __rtentry2.o(.ARM.Collect$$rtentry$$00000002)
    __rt_entry_sh                            0x08000267   Thumb Code     0  __rtentry4.o(.ARM.Collect$$rtentry$$00000004)
    __rt_entry_li                            0x0800026d   Thumb Code     0  __rtentry2.o(.ARM.Collect$$rtentry$$0000000A)
    __rt_entry_postsh_1                      0x0800026d   Thumb Code     0  __rtentry2.o(.ARM.Collect$$rtentry$$00000009)
    __rt_entry_main                          0x08000271   Thumb Code     0  __rtentry2.o(.ARM.Collect$$rtentry$$0000000D)
    __rt_entry_postli_1                      0x08000271   Thumb Code     0  __rtentry2.o(.ARM.Collect$$rtentry$$0000000C)
    __rt_exit                                0x08000279   Thumb Code     0  rtexit.o(.ARM.Collect$$rtexit$$00000000)
    __rt_exit_ls                             0x0800027b   Thumb Code     0  rtexit2.o(.ARM.Collect$$rtexit$$00000003)
    __rt_exit_prels_1                        0x0800027b   Thumb Code     0  rtexit2.o(.ARM.Collect$$rtexit$$00000002)
    __rt_exit_exit                           0x0800027f   Thumb Code     0  rtexit2.o(.ARM.Collect$$rtexit$$00000004)
    Reset_Handler                            0x08000285   Thumb Code     8  startup_stm32f407xx.o(.text)
    ADC_IRQHandler                           0x0800029f   Thumb Code     0  startup_stm32f407xx.o(.text)
    CAN1_RX0_IRQHandler                      0x0800029f   Thumb Code     0  startup_stm32f407xx.o(.text)
    CAN1_RX1_IRQHandler                      0x0800029f   Thumb Code     0  startup_stm32f407xx.o(.text)
    CAN1_SCE_IRQHandler                      0x0800029f   Thumb Code     0  startup_stm32f407xx.o(.text)
    CAN1_TX_IRQHandler                       0x0800029f   Thumb Code     0  startup_stm32f407xx.o(.text)
    CAN2_RX0_IRQHandler                      0x0800029f   Thumb Code     0  startup_stm32f407xx.o(.text)
    CAN2_RX1_IRQHandler                      0x0800029f   Thumb Code     0  startup_stm32f407xx.o(.text)
    CAN2_SCE_IRQHandler                      0x0800029f   Thumb Code     0  startup_stm32f407xx.o(.text)
    CAN2_TX_IRQHandler                       0x0800029f   Thumb Code     0  startup_stm32f407xx.o(.text)
    DCMI_IRQHandler                          0x0800029f   Thumb Code     0  startup_stm32f407xx.o(.text)
    DMA1_Stream0_IRQHandler                  0x0800029f   Thumb Code     0  startup_stm32f407xx.o(.text)
    DMA1_Stream1_IRQHandler                  0x0800029f   Thumb Code     0  startup_stm32f407xx.o(.text)
    DMA1_Stream2_IRQHandler                  0x0800029f   Thumb Code     0  startup_stm32f407xx.o(.text)
    DMA1_Stream3_IRQHandler                  0x0800029f   Thumb Code     0  startup_stm32f407xx.o(.text)
    DMA1_Stream4_IRQHandler                  0x0800029f   Thumb Code     0  startup_stm32f407xx.o(.text)
    DMA1_Stream5_IRQHandler                  0x0800029f   Thumb Code     0  startup_stm32f407xx.o(.text)
    DMA1_Stream6_IRQHandler                  0x0800029f   Thumb Code     0  startup_stm32f407xx.o(.text)
    DMA1_Stream7_IRQHandler                  0x0800029f   Thumb Code     0  startup_stm32f407xx.o(.text)
    DMA2_Stream0_IRQHandler                  0x0800029f   Thumb Code     0  startup_stm32f407xx.o(.text)
    DMA2_Stream1_IRQHandler                  0x0800029f   Thumb Code     0  startup_stm32f407xx.o(.text)
    DMA2_Stream2_IRQHandler                  0x0800029f   Thumb Code     0  startup_stm32f407xx.o(.text)
    DMA2_Stream3_IRQHandler                  0x0800029f   Thumb Code     0  startup_stm32f407xx.o(.text)
    DMA2_Stream4_IRQHandler                  0x0800029f   Thumb Code     0  startup_stm32f407xx.o(.text)
    DMA2_Stream5_IRQHandler                  0x0800029f   Thumb Code     0  startup_stm32f407xx.o(.text)
    DMA2_Stream6_IRQHandler                  0x0800029f   Thumb Code     0  startup_stm32f407xx.o(.text)
    DMA2_Stream7_IRQHandler                  0x0800029f   Thumb Code     0  startup_stm32f407xx.o(.text)
    ETH_IRQHandler                           0x0800029f   Thumb Code     0  startup_stm32f407xx.o(.text)
    ETH_WKUP_IRQHandler                      0x0800029f   Thumb Code     0  startup_stm32f407xx.o(.text)
    EXTI0_IRQHandler                         0x0800029f   Thumb Code     0  startup_stm32f407xx.o(.text)
    EXTI15_10_IRQHandler                     0x0800029f   Thumb Code     0  startup_stm32f407xx.o(.text)
    EXTI1_IRQHandler                         0x0800029f   Thumb Code     0  startup_stm32f407xx.o(.text)
    EXTI2_IRQHandler                         0x0800029f   Thumb Code     0  startup_stm32f407xx.o(.text)
    EXTI3_IRQHandler                         0x0800029f   Thumb Code     0  startup_stm32f407xx.o(.text)
    EXTI4_IRQHandler                         0x0800029f   Thumb Code     0  startup_stm32f407xx.o(.text)
    EXTI9_5_IRQHandler                       0x0800029f   Thumb Code     0  startup_stm32f407xx.o(.text)
    FLASH_IRQHandler                         0x0800029f   Thumb Code     0  startup_stm32f407xx.o(.text)
    FMC_IRQHandler                           0x0800029f   Thumb Code     0  startup_stm32f407xx.o(.text)
    FPU_IRQHandler                           0x0800029f   Thumb Code     0  startup_stm32f407xx.o(.text)
    HASH_RNG_IRQHandler                      0x0800029f   Thumb Code     0  startup_stm32f407xx.o(.text)
    I2C1_ER_IRQHandler                       0x0800029f   Thumb Code     0  startup_stm32f407xx.o(.text)
    I2C1_EV_IRQHandler                       0x0800029f   Thumb Code     0  startup_stm32f407xx.o(.text)
    I2C2_ER_IRQHandler                       0x0800029f   Thumb Code     0  startup_stm32f407xx.o(.text)
    I2C2_EV_IRQHandler                       0x0800029f   Thumb Code     0  startup_stm32f407xx.o(.text)
    I2C3_ER_IRQHandler                       0x0800029f   Thumb Code     0  startup_stm32f407xx.o(.text)
    I2C3_EV_IRQHandler                       0x0800029f   Thumb Code     0  startup_stm32f407xx.o(.text)
    OTG_FS_IRQHandler                        0x0800029f   Thumb Code     0  startup_stm32f407xx.o(.text)
    OTG_FS_WKUP_IRQHandler                   0x0800029f   Thumb Code     0  startup_stm32f407xx.o(.text)
    OTG_HS_EP1_IN_IRQHandler                 0x0800029f   Thumb Code     0  startup_stm32f407xx.o(.text)
    OTG_HS_EP1_OUT_IRQHandler                0x0800029f   Thumb Code     0  startup_stm32f407xx.o(.text)
    OTG_HS_IRQHandler                        0x0800029f   Thumb Code     0  startup_stm32f407xx.o(.text)
    OTG_HS_WKUP_IRQHandler                   0x0800029f   Thumb Code     0  startup_stm32f407xx.o(.text)
    PVD_IRQHandler                           0x0800029f   Thumb Code     0  startup_stm32f407xx.o(.text)
    RCC_IRQHandler                           0x0800029f   Thumb Code     0  startup_stm32f407xx.o(.text)
    RTC_Alarm_IRQHandler                     0x0800029f   Thumb Code     0  startup_stm32f407xx.o(.text)
    RTC_WKUP_IRQHandler                      0x0800029f   Thumb Code     0  startup_stm32f407xx.o(.text)
    SDIO_IRQHandler                          0x0800029f   Thumb Code     0  startup_stm32f407xx.o(.text)
    SPI1_IRQHandler                          0x0800029f   Thumb Code     0  startup_stm32f407xx.o(.text)
    SPI2_IRQHandler                          0x0800029f   Thumb Code     0  startup_stm32f407xx.o(.text)
    SPI3_IRQHandler                          0x0800029f   Thumb Code     0  startup_stm32f407xx.o(.text)
    TAMP_STAMP_IRQHandler                    0x0800029f   Thumb Code     0  startup_stm32f407xx.o(.text)
    TIM1_BRK_TIM9_IRQHandler                 0x0800029f   Thumb Code     0  startup_stm32f407xx.o(.text)
    TIM1_CC_IRQHandler                       0x0800029f   Thumb Code     0  startup_stm32f407xx.o(.text)
    TIM1_TRG_COM_TIM11_IRQHandler            0x0800029f   Thumb Code     0  startup_stm32f407xx.o(.text)
    TIM1_UP_TIM10_IRQHandler                 0x0800029f   Thumb Code     0  startup_stm32f407xx.o(.text)
    TIM2_IRQHandler                          0x0800029f   Thumb Code     0  startup_stm32f407xx.o(.text)
    TIM3_IRQHandler                          0x0800029f   Thumb Code     0  startup_stm32f407xx.o(.text)
    TIM4_IRQHandler                          0x0800029f   Thumb Code     0  startup_stm32f407xx.o(.text)
    TIM5_IRQHandler                          0x0800029f   Thumb Code     0  startup_stm32f407xx.o(.text)
    TIM6_DAC_IRQHandler                      0x0800029f   Thumb Code     0  startup_stm32f407xx.o(.text)
    TIM7_IRQHandler                          0x0800029f   Thumb Code     0  startup_stm32f407xx.o(.text)
    TIM8_BRK_TIM12_IRQHandler                0x0800029f   Thumb Code     0  startup_stm32f407xx.o(.text)
    TIM8_CC_IRQHandler                       0x0800029f   Thumb Code     0  startup_stm32f407xx.o(.text)
    TIM8_TRG_COM_TIM14_IRQHandler            0x0800029f   Thumb Code     0  startup_stm32f407xx.o(.text)
    TIM8_UP_TIM13_IRQHandler                 0x0800029f   Thumb Code     0  startup_stm32f407xx.o(.text)
    UART5_IRQHandler                         0x0800029f   Thumb Code     0  startup_stm32f407xx.o(.text)
    USART1_IRQHandler                        0x0800029f   Thumb Code     0  startup_stm32f407xx.o(.text)
    USART2_IRQHandler                        0x0800029f   Thumb Code     0  startup_stm32f407xx.o(.text)
    USART3_IRQHandler                        0x0800029f   Thumb Code     0  startup_stm32f407xx.o(.text)
    USART6_IRQHandler                        0x0800029f   Thumb Code     0  startup_stm32f407xx.o(.text)
    WWDG_IRQHandler                          0x0800029f   Thumb Code     0  startup_stm32f407xx.o(.text)
    __user_initial_stackheap                 0x080002a1   Thumb Code     0  startup_stm32f407xx.o(.text)
    __2printf                                0x080002c5   Thumb Code    20  noretval__2printf.o(.text)
    _printf_pre_padding                      0x080002dd   Thumb Code    44  _printf_pad.o(.text)
    _printf_post_padding                     0x08000309   Thumb Code    34  _printf_pad.o(.text)
    _printf_str                              0x0800032b   Thumb Code    82  _printf_str.o(.text)
    _printf_int_dec                          0x0800037d   Thumb Code   104  _printf_dec.o(.text)
    _printf_int_hex                          0x080003f5   Thumb Code    84  _printf_hex_int.o(.text)
    _printf_longlong_hex                     0x080003f5   Thumb Code     0  _printf_hex_int.o(.text)
    __printf                                 0x0800044d   Thumb Code   388  __printf_flags_ss_wp.o(.text)
    puts                                     0x080005d5   Thumb Code    40  puts.o(.text)
    __use_two_region_memory                  0x08000601   Thumb Code     2  heapauxi.o(.text)
    __rt_heap_escrow$2region                 0x08000603   Thumb Code     2  heapauxi.o(.text)
    __rt_heap_expand$2region                 0x08000605   Thumb Code     2  heapauxi.o(.text)
    __read_errno                             0x08000607   Thumb Code    10  _rserrno.o(.text)
    __set_errno                              0x08000611   Thumb Code    12  _rserrno.o(.text)
    _printf_int_common                       0x0800061d   Thumb Code   178  _printf_intcommon.o(.text)
    _printf_fp_dec_real                      0x0800087f   Thumb Code   620  _printf_fp_dec.o(.text)
    _printf_cs_common                        0x08000aeb   Thumb Code    20  _printf_char.o(.text)
    _printf_char                             0x08000aff   Thumb Code    16  _printf_char.o(.text)
    _printf_string                           0x08000b0f   Thumb Code     8  _printf_char.o(.text)
    _printf_char_file                        0x08000b19   Thumb Code    32  _printf_char_file.o(.text)
    __rt_locale                              0x08000b3d   Thumb Code     8  rt_locale_intlibspace.o(.text)
    __aeabi_errno_addr                       0x08000b45   Thumb Code     8  rt_errno_addr_intlibspace.o(.text)
    __errno$intlibspace                      0x08000b45   Thumb Code     0  rt_errno_addr_intlibspace.o(.text)
    __rt_errno_addr$intlibspace              0x08000b45   Thumb Code     0  rt_errno_addr_intlibspace.o(.text)
    _ll_udiv10                               0x08000b4d   Thumb Code   138  lludiv10.o(.text)
    _printf_char_common                      0x08000be3   Thumb Code    32  _printf_char_common.o(.text)
    _printf_fp_infnan                        0x08000c09   Thumb Code   112  _printf_fp_infnan.o(.text)
    _btod_etento                             0x08000c89   Thumb Code   224  bigflt0.o(.text)
    ferror                                   0x08000d6d   Thumb Code     8  ferror.o(.text)
    __user_libspace                          0x08000d75   Thumb Code     8  libspace.o(.text)
    __user_perproc_libspace                  0x08000d75   Thumb Code     0  libspace.o(.text)
    __user_perthread_libspace                0x08000d75   Thumb Code     0  libspace.o(.text)
    __user_setup_stackheap                   0x08000d7d   Thumb Code    74  sys_stackheap_outer.o(.text)
    exit                                     0x08000dc7   Thumb Code    18  exit.o(.text)
    strcmp                                   0x08000dd9   Thumb Code   124  strcmpv7em.o(.text)
    __aeabi_uldivmod                         0x08000e55   Thumb Code     0  lludivv7m.o(.text)
    _ll_udiv                                 0x08000e55   Thumb Code   240  lludivv7m.o(.text)
    __aeabi_memclr4                          0x08000f45   Thumb Code     0  rt_memclr_w.o(.text)
    __aeabi_memclr8                          0x08000f45   Thumb Code     0  rt_memclr_w.o(.text)
    __rt_memclr_w                            0x08000f45   Thumb Code     0  rt_memclr_w.o(.text)
    _memset_w                                0x08000f49   Thumb Code    74  rt_memclr_w.o(.text)
    BusFault_Handler                         0x08000f95   Thumb Code     2  lto-llvm-002d70.o(.text.BusFault_Handler)
    DebugMon_Handler                         0x08000f99   Thumb Code     2  lto-llvm-002d70.o(.text.DebugMon_Handler)
    HardFault_Handler                        0x0800113d   Thumb Code     2  lto-llvm-002d70.o(.text.HardFault_Handler)
    MemManage_Handler                        0x08001141   Thumb Code     2  lto-llvm-002d70.o(.text.MemManage_Handler)
    NMI_Handler                              0x08001145   Thumb Code     2  lto-llvm-002d70.o(.text.NMI_Handler)
    PendSV_Handler                           0x08001149   Thumb Code     2  lto-llvm-002d70.o(.text.PendSV_Handler)
    SVC_Handler                              0x0800114d   Thumb Code     2  lto-llvm-002d70.o(.text.SVC_Handler)
    SysTick_Handler                          0x08001151   Thumb Code    16  lto-llvm-002d70.o(.text.SysTick_Handler)
    SystemInit                               0x08001161   Thumb Code    18  lto-llvm-002d70.o(.text.SystemInit)
    UART4_IRQHandler                         0x08001175   Thumb Code  1572  lto-llvm-002d70.o(.text.UART4_IRQHandler)
    UsageFault_Handler                       0x08001889   Thumb Code     2  lto-llvm-002d70.o(.text.UsageFault_Handler)
    fputc                                    0x08004301   Thumb Code    40  lto-llvm-002d70.o(.text.fputc)
    main                                     0x08004329   Thumb Code  1712  lto-llvm-002d70.o(.text.main)
    _btod_d2e                                0x08004abd   Thumb Code    62  btod.o(CL$$btod_d2e)
    _d2e_denorm_low                          0x08004afb   Thumb Code    70  btod.o(CL$$btod_d2e_denorm_low)
    _d2e_norm_op1                            0x08004b41   Thumb Code    96  btod.o(CL$$btod_d2e_norm_op1)
    __btod_div_common                        0x08004ba1   Thumb Code   696  btod.o(CL$$btod_div_common)
    _e2e                                     0x08004ed9   Thumb Code   220  btod.o(CL$$btod_e2e)
    _btod_ediv                               0x08004fb5   Thumb Code    42  btod.o(CL$$btod_ediv)
    _btod_emul                               0x08004fdf   Thumb Code    42  btod.o(CL$$btod_emul)
    __btod_mult_common                       0x08005009   Thumb Code   580  btod.o(CL$$btod_mult_common)
    __ARM_fpclassify                         0x0800524d   Thumb Code    48  fpclassify.o(i.__ARM_fpclassify)
    __ARM_fpclassifyf                        0x0800527d   Thumb Code    38  fpclassifyf.o(i.__ARM_fpclassifyf)
    __hardfp_logf                            0x080052a5   Thumb Code   320  logf.o(i.__hardfp_logf)
    __mathlib_logf                           0x080052a5   Thumb Code     0  logf.o(i.__hardfp_logf)
    __hardfp_sinf                            0x08005411   Thumb Code   344  sinf.o(i.__hardfp_sinf)
    __mathlib_flt_divzero                    0x080055a1   Thumb Code    14  funder.o(i.__mathlib_flt_divzero)
    __mathlib_flt_infnan                     0x080055b5   Thumb Code     6  funder.o(i.__mathlib_flt_infnan)
    __mathlib_flt_invalid                    0x080055bd   Thumb Code    10  funder.o(i.__mathlib_flt_invalid)
    __mathlib_flt_underflow                  0x080055cd   Thumb Code    10  funder.o(i.__mathlib_flt_underflow)
    __mathlib_rredf2                         0x080055dd   Thumb Code   316  rredf.o(i.__mathlib_rredf2)
    _is_digit                                0x08005731   Thumb Code    14  __printf_wp.o(i._is_digit)
    _get_lc_numeric                          0x08005741   Thumb Code    44  lc_numeric_c.o(locale$$code)
    __fpl_dretinf                            0x0800576d   Thumb Code    12  dretinf.o(x$fpl$dretinf)
    __aeabi_f2d                              0x08005779   Thumb Code     0  f2d.o(x$fpl$f2d)
    _f2d                                     0x08005779   Thumb Code    86  f2d.o(x$fpl$f2d)
    __fpl_fnaninf                            0x080057cf   Thumb Code   140  fnaninf.o(x$fpl$fnaninf)
    _fp_init                                 0x0800585b   Thumb Code    26  fpinit.o(x$fpl$fpinit)
    __fplib_config_fpu_vfp                   0x08005873   Thumb Code     0  fpinit.o(x$fpl$fpinit)
    __fplib_config_pureend_doubles           0x08005873   Thumb Code     0  fpinit.o(x$fpl$fpinit)
    _printf_fp_dec                           0x08005875   Thumb Code     4  printf1.o(x$fpl$printf1)
    __I$use$fp                               0x08005878   Number         0  usenofp.o(x$fpl$usenofp)
    Region$$Table$$Base                      0x08006a60   Number         0  anon$$obj.o(Region$$Table)
    Region$$Table$$Limit                     0x08006a80   Number         0  anon$$obj.o(Region$$Table)
    __libspace_start                         0x20000008   Data          96  libspace.o(.bss)
    __stdout                                 0x20000068   Data          84  lto-llvm-002d70.o(.bss.__stdout)
    __temporary_stack_top$libspace           0x20000068   Data           0  libspace.o(.bss)



==============================================================================

Memory Map of the image

  Image Entry point : 0x08000189

  Load Region LR_IROM1 (Base: 0x08000000, Size: 0x00006aa8, Max: 0x00100000, ABSOLUTE)

    Execution Region ER_IROM1 (Exec base: 0x08000000, Load base: 0x08000000, Size: 0x00006a9c, Max: 0x00100000, ABSOLUTE)

    Exec Addr    Load Addr    Size         Type   Attr      Idx    E Section Name        Object

    0x08000000   0x08000000   0x00000188   Data   RO            3    RESET               startup_stm32f407xx.o
    0x08000188   0x08000188   0x00000008   Code   RO          125  * !!!main             c_w.l(__main.o)
    0x08000190   0x08000190   0x0000005c   Code   RO          574    !!!scatter          c_w.l(__scatter.o)
    0x080001ec   0x080001ec   0x0000001a   Code   RO          578    !!handler_copy      c_w.l(__scatter_copy.o)
    0x08000206   0x08000206   0x00000002   PAD
    0x08000208   0x08000208   0x00000002   Code   RO          575    !!handler_null      c_w.l(__scatter.o)
    0x0800020a   0x0800020a   0x00000002   PAD
    0x0800020c   0x0800020c   0x0000001c   Code   RO          580    !!handler_zi        c_w.l(__scatter_zi.o)
    0x08000228   0x08000228   0x00000000   Code   RO          120    .ARM.Collect$$_printf_percent$$00000000  c_w.l(_printf_percent.o)
    0x08000228   0x08000228   0x00000006   Code   RO          119    .ARM.Collect$$_printf_percent$$00000003  c_w.l(_printf_f.o)
    0x0800022e   0x0800022e   0x00000006   Code   RO          117    .ARM.Collect$$_printf_percent$$00000009  c_w.l(_printf_d.o)
    0x08000234   0x08000234   0x00000006   Code   RO          118    .ARM.Collect$$_printf_percent$$0000000A  c_w.l(_printf_u.o)
    0x0800023a   0x0800023a   0x00000006   Code   RO          116    .ARM.Collect$$_printf_percent$$0000000C  c_w.l(_printf_x.o)
    0x08000240   0x08000240   0x00000006   Code   RO          115    .ARM.Collect$$_printf_percent$$00000014  c_w.l(_printf_s.o)
    0x08000246   0x08000246   0x00000004   Code   RO          195    .ARM.Collect$$_printf_percent$$00000017  c_w.l(_printf_percent_end.o)
    0x0800024a   0x0800024a   0x00000002   Code   RO          358    .ARM.Collect$$libinit$$00000000  c_w.l(libinit.o)
    0x0800024c   0x0800024c   0x00000004   Code   RO          359    .ARM.Collect$$libinit$$00000001  c_w.l(libinit2.o)
    0x08000250   0x08000250   0x00000000   Code   RO          362    .ARM.Collect$$libinit$$00000004  c_w.l(libinit2.o)
    0x08000250   0x08000250   0x00000000   Code   RO          364    .ARM.Collect$$libinit$$00000006  c_w.l(libinit2.o)
    0x08000250   0x08000250   0x00000000   Code   RO          367    .ARM.Collect$$libinit$$0000000C  c_w.l(libinit2.o)
    0x08000250   0x08000250   0x00000000   Code   RO          369    .ARM.Collect$$libinit$$0000000E  c_w.l(libinit2.o)
    0x08000250   0x08000250   0x00000000   Code   RO          371    .ARM.Collect$$libinit$$00000010  c_w.l(libinit2.o)
    0x08000250   0x08000250   0x00000006   Code   RO          372    .ARM.Collect$$libinit$$00000011  c_w.l(libinit2.o)
    0x08000256   0x08000256   0x00000000   Code   RO          374    .ARM.Collect$$libinit$$00000013  c_w.l(libinit2.o)
    0x08000256   0x08000256   0x00000000   Code   RO          376    .ARM.Collect$$libinit$$00000015  c_w.l(libinit2.o)
    0x08000256   0x08000256   0x00000000   Code   RO          378    .ARM.Collect$$libinit$$00000017  c_w.l(libinit2.o)
    0x08000256   0x08000256   0x0000000a   Code   RO          379    .ARM.Collect$$libinit$$00000018  c_w.l(libinit2.o)
    0x08000260   0x08000260   0x00000000   Code   RO          380    .ARM.Collect$$libinit$$00000019  c_w.l(libinit2.o)
    0x08000260   0x08000260   0x00000000   Code   RO          382    .ARM.Collect$$libinit$$0000001B  c_w.l(libinit2.o)
    0x08000260   0x08000260   0x00000000   Code   RO          384    .ARM.Collect$$libinit$$0000001D  c_w.l(libinit2.o)
    0x08000260   0x08000260   0x00000000   Code   RO          386    .ARM.Collect$$libinit$$0000001F  c_w.l(libinit2.o)
    0x08000260   0x08000260   0x00000000   Code   RO          388    .ARM.Collect$$libinit$$00000021  c_w.l(libinit2.o)
    0x08000260   0x08000260   0x00000000   Code   RO          390    .ARM.Collect$$libinit$$00000023  c_w.l(libinit2.o)
    0x08000260   0x08000260   0x00000000   Code   RO          392    .ARM.Collect$$libinit$$00000025  c_w.l(libinit2.o)
    0x08000260   0x08000260   0x00000000   Code   RO          394    .ARM.Collect$$libinit$$00000027  c_w.l(libinit2.o)
    0x08000260   0x08000260   0x00000000   Code   RO          398    .ARM.Collect$$libinit$$0000002E  c_w.l(libinit2.o)
    0x08000260   0x08000260   0x00000000   Code   RO          400    .ARM.Collect$$libinit$$00000030  c_w.l(libinit2.o)
    0x08000260   0x08000260   0x00000000   Code   RO          402    .ARM.Collect$$libinit$$00000032  c_w.l(libinit2.o)
    0x08000260   0x08000260   0x00000000   Code   RO          404    .ARM.Collect$$libinit$$00000034  c_w.l(libinit2.o)
    0x08000260   0x08000260   0x00000002   Code   RO          405    .ARM.Collect$$libinit$$00000035  c_w.l(libinit2.o)
    0x08000262   0x08000262   0x00000002   Code   RO          437    .ARM.Collect$$libshutdown$$00000000  c_w.l(libshutdown.o)
    0x08000264   0x08000264   0x00000000   Code   RO          448    .ARM.Collect$$libshutdown$$00000002  c_w.l(libshutdown2.o)
    0x08000264   0x08000264   0x00000000   Code   RO          450    .ARM.Collect$$libshutdown$$00000004  c_w.l(libshutdown2.o)
    0x08000264   0x08000264   0x00000000   Code   RO          453    .ARM.Collect$$libshutdown$$00000007  c_w.l(libshutdown2.o)
    0x08000264   0x08000264   0x00000000   Code   RO          456    .ARM.Collect$$libshutdown$$0000000A  c_w.l(libshutdown2.o)
    0x08000264   0x08000264   0x00000000   Code   RO          458    .ARM.Collect$$libshutdown$$0000000C  c_w.l(libshutdown2.o)
    0x08000264   0x08000264   0x00000000   Code   RO          461    .ARM.Collect$$libshutdown$$0000000F  c_w.l(libshutdown2.o)
    0x08000264   0x08000264   0x00000002   Code   RO          462    .ARM.Collect$$libshutdown$$00000010  c_w.l(libshutdown2.o)
    0x08000266   0x08000266   0x00000000   Code   RO          182    .ARM.Collect$$rtentry$$00000000  c_w.l(__rtentry.o)
    0x08000266   0x08000266   0x00000000   Code   RO          270    .ARM.Collect$$rtentry$$00000002  c_w.l(__rtentry2.o)
    0x08000266   0x08000266   0x00000006   Code   RO          282    .ARM.Collect$$rtentry$$00000004  c_w.l(__rtentry4.o)
    0x0800026c   0x0800026c   0x00000000   Code   RO          272    .ARM.Collect$$rtentry$$00000009  c_w.l(__rtentry2.o)
    0x0800026c   0x0800026c   0x00000004   Code   RO          273    .ARM.Collect$$rtentry$$0000000A  c_w.l(__rtentry2.o)
    0x08000270   0x08000270   0x00000000   Code   RO          275    .ARM.Collect$$rtentry$$0000000C  c_w.l(__rtentry2.o)
    0x08000270   0x08000270   0x00000008   Code   RO          276    .ARM.Collect$$rtentry$$0000000D  c_w.l(__rtentry2.o)
    0x08000278   0x08000278   0x00000002   Code   RO          406    .ARM.Collect$$rtexit$$00000000  c_w.l(rtexit.o)
    0x0800027a   0x0800027a   0x00000000   Code   RO          415    .ARM.Collect$$rtexit$$00000002  c_w.l(rtexit2.o)
    0x0800027a   0x0800027a   0x00000004   Code   RO          416    .ARM.Collect$$rtexit$$00000003  c_w.l(rtexit2.o)
    0x0800027e   0x0800027e   0x00000006   Code   RO          417    .ARM.Collect$$rtexit$$00000004  c_w.l(rtexit2.o)
    0x08000284   0x08000284   0x00000040   Code   RO            4    .text               startup_stm32f407xx.o
    0x080002c4   0x080002c4   0x00000018   Code   RO           64    .text               c_w.l(noretval__2printf.o)
    0x080002dc   0x080002dc   0x0000004e   Code   RO           68    .text               c_w.l(_printf_pad.o)
    0x0800032a   0x0800032a   0x00000052   Code   RO           70    .text               c_w.l(_printf_str.o)
    0x0800037c   0x0800037c   0x00000078   Code   RO           72    .text               c_w.l(_printf_dec.o)
    0x080003f4   0x080003f4   0x00000058   Code   RO           77    .text               c_w.l(_printf_hex_int.o)
    0x0800044c   0x0800044c   0x00000188   Code   RO          112    .text               c_w.l(__printf_flags_ss_wp.o)
    0x080005d4   0x080005d4   0x0000002c   Code   RO          121    .text               c_w.l(puts.o)
    0x08000600   0x08000600   0x00000006   Code   RO          123    .text               c_w.l(heapauxi.o)
    0x08000606   0x08000606   0x00000016   Code   RO          183    .text               c_w.l(_rserrno.o)
    0x0800061c   0x0800061c   0x000000b2   Code   RO          185    .text               c_w.l(_printf_intcommon.o)
    0x080006ce   0x080006ce   0x0000041c   Code   RO          187    .text               c_w.l(_printf_fp_dec.o)
    0x08000aea   0x08000aea   0x0000002c   Code   RO          191    .text               c_w.l(_printf_char.o)
    0x08000b16   0x08000b16   0x00000002   PAD
    0x08000b18   0x08000b18   0x00000024   Code   RO          193    .text               c_w.l(_printf_char_file.o)
    0x08000b3c   0x08000b3c   0x00000008   Code   RO          287    .text               c_w.l(rt_locale_intlibspace.o)
    0x08000b44   0x08000b44   0x00000008   Code   RO          292    .text               c_w.l(rt_errno_addr_intlibspace.o)
    0x08000b4c   0x08000b4c   0x0000008a   Code   RO          294    .text               c_w.l(lludiv10.o)
    0x08000bd6   0x08000bd6   0x00000002   PAD
    0x08000bd8   0x08000bd8   0x00000030   Code   RO          296    .text               c_w.l(_printf_char_common.o)
    0x08000c08   0x08000c08   0x00000080   Code   RO          298    .text               c_w.l(_printf_fp_infnan.o)
    0x08000c88   0x08000c88   0x000000e4   Code   RO          300    .text               c_w.l(bigflt0.o)
    0x08000d6c   0x08000d6c   0x00000008   Code   RO          327    .text               c_w.l(ferror.o)
    0x08000d74   0x08000d74   0x00000008   Code   RO          340    .text               c_w.l(libspace.o)
    0x08000d7c   0x08000d7c   0x0000004a   Code   RO          343    .text               c_w.l(sys_stackheap_outer.o)
    0x08000dc6   0x08000dc6   0x00000012   Code   RO          349    .text               c_w.l(exit.o)
    0x08000dd8   0x08000dd8   0x0000007c   Code   RO          351    .text               c_w.l(strcmpv7em.o)
    0x08000e54   0x08000e54   0x000000f0   Code   RO          554    .text               c_w.l(lludivv7m.o)
    0x08000f44   0x08000f44   0x0000004e   Code   RO          556    .text               c_w.l(rt_memclr_w.o)
    0x08000f92   0x08000f92   0x00000002   PAD
    0x08000f94   0x08000f94   0x00000002   Code   RO          506    .text.BusFault_Handler  lto-llvm-002d70.o
    0x08000f96   0x08000f96   0x00000002   PAD
    0x08000f98   0x08000f98   0x00000002   Code   RO          512    .text.DebugMon_Handler  lto-llvm-002d70.o
    0x08000f9a   0x08000f9a   0x00000002   PAD
    0x08000f9c   0x08000f9c   0x0000019e   Code   RO          524    .text.HAL_GPIO_Init  lto-llvm-002d70.o
    0x0800113a   0x0800113a   0x00000002   PAD
    0x0800113c   0x0800113c   0x00000002   Code   RO          502    .text.HardFault_Handler  lto-llvm-002d70.o
    0x0800113e   0x0800113e   0x00000002   PAD
    0x08001140   0x08001140   0x00000002   Code   RO          504    .text.MemManage_Handler  lto-llvm-002d70.o
    0x08001142   0x08001142   0x00000002   PAD
    0x08001144   0x08001144   0x00000002   Code   RO          500    .text.NMI_Handler   lto-llvm-002d70.o
    0x08001146   0x08001146   0x00000002   PAD
    0x08001148   0x08001148   0x00000002   Code   RO          514    .text.PendSV_Handler  lto-llvm-002d70.o
    0x0800114a   0x0800114a   0x00000002   PAD
    0x0800114c   0x0800114c   0x00000002   Code   RO          510    .text.SVC_Handler   lto-llvm-002d70.o
    0x0800114e   0x0800114e   0x00000002   PAD
    0x08001150   0x08001150   0x00000010   Code   RO          516    .text.SysTick_Handler  lto-llvm-002d70.o
    0x08001160   0x08001160   0x00000012   Code   RO          526    .text.SystemInit    lto-llvm-002d70.o
    0x08001172   0x08001172   0x00000002   PAD
    0x08001174   0x08001174   0x00000624   Code   RO          518    .text.UART4_IRQHandler  lto-llvm-002d70.o
    0x08001798   0x08001798   0x00000008   Code   RO          522    .text.UART_DMAAbortOnError  lto-llvm-002d70.o
    0x080017a0   0x080017a0   0x000000e8   Code   RO          520    .text.UART_Receive_IT  lto-llvm-002d70.o
    0x08001888   0x08001888   0x00000002   Code   RO          508    .text.UsageFault_Handler  lto-llvm-002d70.o
    0x0800188a   0x0800188a   0x00000002   PAD
    0x0800188c   0x0800188c   0x000001d8   Code   RO          530    .text.arm_gaussian_naive_bayes_predict_f32  lto-llvm-002d70.o
    0x08001a64   0x08001a64   0x00000578   Code   RO          528    .text.arm_radix8_butterfly_f32  lto-llvm-002d70.o
    0x08001fdc   0x08001fdc   0x000002d8   Code   RO          532    .text.arm_svm_linear_predict_f32  lto-llvm-002d70.o
    0x080022b4   0x080022b4   0x00000004   PAD
    0x080022b8   0x080022b8   0x00002048   Code   RO          492    .text.dsp_test_all  lto-llvm-002d70.o
    0x08004300   0x08004300   0x00000028   Code   RO          498    .text.fputc         lto-llvm-002d70.o
    0x08004328   0x08004328   0x000006c8   Code   RO          494    .text.main          lto-llvm-002d70.o
    0x080049f0   0x080049f0   0x000000cc   Code   RO          490    .text.print_matrix_f32  lto-llvm-002d70.o
    0x08004abc   0x08004abc   0x0000003e   Code   RO          303    CL$$btod_d2e        c_w.l(btod.o)
    0x08004afa   0x08004afa   0x00000046   Code   RO          305    CL$$btod_d2e_denorm_low  c_w.l(btod.o)
    0x08004b40   0x08004b40   0x00000060   Code   RO          304    CL$$btod_d2e_norm_op1  c_w.l(btod.o)
    0x08004ba0   0x08004ba0   0x00000338   Code   RO          313    CL$$btod_div_common  c_w.l(btod.o)
    0x08004ed8   0x08004ed8   0x000000dc   Code   RO          310    CL$$btod_e2e        c_w.l(btod.o)
    0x08004fb4   0x08004fb4   0x0000002a   Code   RO          307    CL$$btod_ediv       c_w.l(btod.o)
    0x08004fde   0x08004fde   0x0000002a   Code   RO          306    CL$$btod_emul       c_w.l(btod.o)
    0x08005008   0x08005008   0x00000244   Code   RO          312    CL$$btod_mult_common  c_w.l(btod.o)
    0x0800524c   0x0800524c   0x00000030   Code   RO          245    i.__ARM_fpclassify  m_wm.l(fpclassify.o)
    0x0800527c   0x0800527c   0x00000026   Code   RO          247    i.__ARM_fpclassifyf  m_wm.l(fpclassifyf.o)
    0x080052a2   0x080052a2   0x00000002   PAD
    0x080052a4   0x080052a4   0x0000016c   Code   RO          150    i.__hardfp_logf     m_wm.l(logf.o)
    0x08005410   0x08005410   0x00000190   Code   RO          164    i.__hardfp_sinf     m_wm.l(sinf.o)
    0x080055a0   0x080055a0   0x00000014   Code   RO          249    i.__mathlib_flt_divzero  m_wm.l(funder.o)
    0x080055b4   0x080055b4   0x00000006   Code   RO          250    i.__mathlib_flt_infnan  m_wm.l(funder.o)
    0x080055ba   0x080055ba   0x00000002   PAD
    0x080055bc   0x080055bc   0x00000010   Code   RO          252    i.__mathlib_flt_invalid  m_wm.l(funder.o)
    0x080055cc   0x080055cc   0x00000010   Code   RO          255    i.__mathlib_flt_underflow  m_wm.l(funder.o)
    0x080055dc   0x080055dc   0x00000154   Code   RO          266    i.__mathlib_rredf2  m_wm.l(rredf.o)
    0x08005730   0x08005730   0x0000000e   Code   RO          105    i._is_digit         c_w.l(__printf_wp.o)
    0x0800573e   0x0800573e   0x00000002   PAD
    0x08005740   0x08005740   0x0000002c   Code   RO          332    locale$$code        c_w.l(lc_numeric_c.o)
    0x0800576c   0x0800576c   0x0000000c   Code   RO          338    x$fpl$dretinf       fz_wm.l(dretinf.o)
    0x08005778   0x08005778   0x00000056   Code   RO          558    x$fpl$f2d           fz_wm.l(f2d.o)
    0x080057ce   0x080057ce   0x0000008c   Code   RO          564    x$fpl$fnaninf       fz_wm.l(fnaninf.o)
    0x0800585a   0x0800585a   0x0000001a   Code   RO          412    x$fpl$fpinit        fz_wm.l(fpinit.o)
    0x08005874   0x08005874   0x00000004   Code   RO          127    x$fpl$printf1       fz_wm.l(printf1.o)
    0x08005878   0x08005878   0x00000000   Code   RO          230    x$fpl$usenofp       fz_wm.l(usenofp.o)
    0x08005878   0x08005878   0x00000028   Data   RO           78    .constdata          c_w.l(_printf_hex_int.o)
    0x080058a0   0x080058a0   0x00000011   Data   RO          113    .constdata          c_w.l(__printf_flags_ss_wp.o)
    0x080058b1   0x080058b1   0x00000003   PAD
    0x080058b4   0x080058b4   0x00000040   Data   RO          153    .constdata          m_wm.l(logf.o)
    0x080058f4   0x080058f4   0x00000020   Data   RO          267    .constdata          m_wm.l(rredf.o)
    0x08005914   0x08005914   0x00000094   Data   RO          301    .constdata          c_w.l(bigflt0.o)
    0x080059a8   0x080059a8   0x00000024   Data   RO          535    .rodata..L__const.dsp_matrix_test.p_data  lto-llvm-002d70.o
    0x080059cc   0x080059cc   0x00000014   Data   RO          536    .rodata..L__const.dsp_support_test.src_sort  lto-llvm-002d70.o
    0x080059e0   0x080059e0   0x000001a0   Data   RO          545    .rodata.armBitRevIndexTable128  lto-llvm-002d70.o
    0x08005b80   0x08005b80   0x000006e0   Data   RO          534    .rodata.str1.1      lto-llvm-002d70.o
    0x08006260   0x08006260   0x00000400   Data   RO          544    .rodata.twiddleCoef_128  lto-llvm-002d70.o
    0x08006660   0x08006660   0x00000400   Data   RO          546    .rodata.twiddleCoef_rfft_256  lto-llvm-002d70.o
    0x08006a60   0x08006a60   0x00000020   Data   RO          573    Region$$Table       anon$$obj.o
    0x08006a80   0x08006a80   0x0000001c   Data   RO          331    locale$$data        c_w.l(lc_numeric_c.o)


    Execution Region RW_IRAM1 (Exec base: 0x20000000, Load base: 0x08006aa0, Size: 0x00003110, Max: 0x0001c000, ABSOLUTE)

    Exec Addr    Load Addr    Size         Type   Attr      Idx    E Section Name        Object

    0x20000000   0x08006aa0   0x00000004   Data   RW          543    .data.SystemCoreClock  lto-llvm-002d70.o
    0x20000004   0x08006aa4   0x00000004   PAD
    0x20000008        -       0x00000060   Zero   RW          341    .bss                c_w.l(libspace.o)
    0x20000068        -       0x00000054   Zero   RW          539    .bss.__stdout       lto-llvm-002d70.o
    0x200000bc        -       0x00000048   Zero   RW          540    .bss.huart4         lto-llvm-002d70.o
    0x20000104        -       0x00000004   Zero   RW          542    .bss.uwTick         lto-llvm-002d70.o
    0x20000108        -       0x00000001   Zero   RW          541    .bss.uwTickPrio     lto-llvm-002d70.o
    0x20000109   0x08006aa4   0x00000007   PAD
    0x20000110        -       0x00001000   Zero   RW            2    HEAP                startup_stm32f407xx.o
    0x20001110        -       0x00002000   Zero   RW            1    STACK               startup_stm32f407xx.o


    Execution Region RW_IRAM2 (Exec base: 0x2001c000, Load base: 0x08006aa8, Size: 0x00000000, Max: 0x00004000, ABSOLUTE)

    **** No section assigned to this execution region ****


==============================================================================

Image component sizes


      Code (inc. data)   RO Data    RW Data    ZI Data      Debug   Object Name

     15120        616       4280          4        161      98546   lto-llvm-002d70.o
        64         26        392          0      12288        836   startup_stm32f407xx.o

    ----------------------------------------------------------------------
     15208        646       4704          4      12460      99382   Object Totals
         0          0         32          0          0          0   (incl. Generated)
        24          4          0          0         11          0   (incl. Padding)

    ----------------------------------------------------------------------

      Code (inc. data)   RO Data    RW Data    ZI Data      Debug   Library Member Name

         8          0          0          0          0         68   __main.o
       392          4         17          0          0         92   __printf_flags_ss_wp.o
        14          0          0          0          0         68   __printf_wp.o
         0          0          0          0          0          0   __rtentry.o
        12          0          0          0          0          0   __rtentry2.o
         6          0          0          0          0          0   __rtentry4.o
        94          8          0          0          0          0   __scatter.o
        26          0          0          0          0          0   __scatter_copy.o
        28          0          0          0          0          0   __scatter_zi.o
        44          0          0          0          0        108   _printf_char.o
        48          6          0          0          0         96   _printf_char_common.o
        36          4          0          0          0         80   _printf_char_file.o
         6          0          0          0          0          0   _printf_d.o
       120         16          0          0          0         92   _printf_dec.o
         6          0          0          0          0          0   _printf_f.o
      1052          0          0          0          0        148   _printf_fp_dec.o
       128         16          0          0          0         84   _printf_fp_infnan.o
        88          4         40          0          0         88   _printf_hex_int.o
       178          0          0          0          0         88   _printf_intcommon.o
        78          0          0          0          0        108   _printf_pad.o
         0          0          0          0          0          0   _printf_percent.o
         4          0          0          0          0          0   _printf_percent_end.o
         6          0          0          0          0          0   _printf_s.o
        82          0          0          0          0         80   _printf_str.o
         6          0          0          0          0          0   _printf_u.o
         6          0          0          0          0          0   _printf_x.o
        22          0          0          0          0        100   _rserrno.o
       228          4        148          0          0         96   bigflt0.o
      1936        128          0          0          0        668   btod.o
        18          0          0          0          0         80   exit.o
         8          0          0          0          0         68   ferror.o
         6          0          0          0          0        152   heapauxi.o
        44         10         28          0          0         76   lc_numeric_c.o
         2          0          0          0          0          0   libinit.o
        22          0          0          0          0          0   libinit2.o
         2          0          0          0          0          0   libshutdown.o
         2          0          0          0          0          0   libshutdown2.o
         8          4          0          0         96         68   libspace.o
       138          0          0          0          0         80   lludiv10.o
       240          0          0          0          0        100   lludivv7m.o
        24          4          0          0          0         84   noretval__2printf.o
        44          4          0          0          0         84   puts.o
         8          4          0          0          0         68   rt_errno_addr_intlibspace.o
         8          4          0          0          0         68   rt_locale_intlibspace.o
        78          0          0          0          0         80   rt_memclr_w.o
         2          0          0          0          0          0   rtexit.o
        10          0          0          0          0          0   rtexit2.o
       124          0          0          0          0         88   strcmpv7em.o
        74          0          0          0          0         80   sys_stackheap_outer.o
        12          0          0          0          0        116   dretinf.o
        86          4          0          0          0        132   f2d.o
       140          4          0          0          0        132   fnaninf.o
        26          0          0          0          0        116   fpinit.o
         4          0          0          0          0        116   printf1.o
         0          0          0          0          0          0   usenofp.o
        48          0          0          0          0        124   fpclassify.o
        38          0          0          0          0        116   fpclassifyf.o
        58         18          0          0          0        464   funder.o
       364         44         64          0          0        140   logf.o
       340         24         32          0          0        160   rredf.o
       400         56          0          0          0        212   sinf.o

    ----------------------------------------------------------------------
      7048        370        332          0         96       5068   Library Totals
        16          0          3          0          0          0   (incl. Padding)

    ----------------------------------------------------------------------

      Code (inc. data)   RO Data    RW Data    ZI Data      Debug   Library Name

      5516        220        233          0         96       3240   c_w.l
       268          8          0          0          0        612   fz_wm.l
      1248        142         96          0          0       1216   m_wm.l

    ----------------------------------------------------------------------
      7048        370        332          0         96       5068   Library Totals

    ----------------------------------------------------------------------

==============================================================================


      Code (inc. data)   RO Data    RW Data    ZI Data      Debug   

     22256       1016       5036          4      12556     101602   Grand Totals
     22256       1016       5036          4      12556     101602   ELF Image Totals
     22256       1016       5036          4          0          0   ROM Totals

==============================================================================

    Total RO  Size (Code + RO Data)                27292 (  26.65kB)
    Total RW  Size (RW Data + ZI Data)             12560 (  12.27kB)
    Total ROM Size (Code + RO Data + RW Data)      27296 (  26.66kB)

==============================================================================

